Archive member included to satisfy reference by file (symbol)

C:\Users\Butch\STM32CubeIDE\Waveshare\OpenH743I-C_TouchGfx\Middlewares\ST\touchgfx\lib\core\cortex_m7\gcc\libtouchgfx-float-abi-hard.a(DigitalClock.o)
                              ./TouchGFX/generated/gui_generated/src/main_screen/mainViewBase.o (touchgfx::DigitalClock::setColor(touchgfx::colortype))
C:\Users\Butch\STM32CubeIDE\Waveshare\OpenH743I-C_TouchGfx\Middlewares\ST\touchgfx\lib\core\cortex_m7\gcc\libtouchgfx-float-abi-hard.a(AnalogClock.o)
                              ./TouchGFX/generated/gui_generated/src/main_screen/mainViewBase.o (touchgfx::AnalogClock::setupHourHand(unsigned short, short, short))
C:\Users\Butch\STM32CubeIDE\Waveshare\OpenH743I-C_TouchGfx\Middlewares\ST\touchgfx\lib\core\cortex_m7\gcc\libtouchgfx-float-abi-hard.a(AbstractClock.o)
                              ./TouchGFX/gui/src/main_screen/mainView.o (touchgfx::AbstractClock::setTime24Hour(unsigned char, unsigned char, unsigned char))
C:\Users\Butch\STM32CubeIDE\Waveshare\OpenH743I-C_TouchGfx\Middlewares\ST\touchgfx\lib\core\cortex_m7\gcc\libtouchgfx-float-abi-hard.a(Container.o)
                              C:\Users\Butch\STM32CubeIDE\Waveshare\OpenH743I-C_TouchGfx\Middlewares\ST\touchgfx\lib\core\cortex_m7\gcc\libtouchgfx-float-abi-hard.a(DigitalClock.o) (touchgfx::Container::contains(touchgfx::Drawable const&))
C:\Users\Butch\STM32CubeIDE\Waveshare\OpenH743I-C_TouchGfx\Middlewares\ST\touchgfx\lib\core\cortex_m7\gcc\libtouchgfx-float-abi-hard.a(HAL.o)
                              ./TouchGFX/generated/fonts/src/CompressedFontCache.o (touchgfx::HAL::instance)
C:\Users\Butch\STM32CubeIDE\Waveshare\OpenH743I-C_TouchGfx\Middlewares\ST\touchgfx\lib\core\cortex_m7\gcc\libtouchgfx-float-abi-hard.a(DMA.o)
                              C:\Users\Butch\STM32CubeIDE\Waveshare\OpenH743I-C_TouchGfx\Middlewares\ST\touchgfx\lib\core\cortex_m7\gcc\libtouchgfx-float-abi-hard.a(HAL.o) (touchgfx::DMA_Interface::isDmaQueueEmpty())
C:\Users\Butch\STM32CubeIDE\Waveshare\OpenH743I-C_TouchGfx\Middlewares\ST\touchgfx\lib\core\cortex_m7\gcc\libtouchgfx-float-abi-hard.a(AnimationTextureMapper.o)
                              C:\Users\Butch\STM32CubeIDE\Waveshare\OpenH743I-C_TouchGfx\Middlewares\ST\touchgfx\lib\core\cortex_m7\gcc\libtouchgfx-float-abi-hard.a(AnalogClock.o) (touchgfx::AnimationTextureMapper::isTextureMapperAnimationRunning() const)
C:\Users\Butch\STM32CubeIDE\Waveshare\OpenH743I-C_TouchGfx\Middlewares\ST\touchgfx\lib\core\cortex_m7\gcc\libtouchgfx-float-abi-hard.a(TextureMapper.o)
                              C:\Users\Butch\STM32CubeIDE\Waveshare\OpenH743I-C_TouchGfx\Middlewares\ST\touchgfx\lib\core\cortex_m7\gcc\libtouchgfx-float-abi-hard.a(AnimationTextureMapper.o) (touchgfx::TextureMapper::updateAngles(float, float, float))
C:\Users\Butch\STM32CubeIDE\Waveshare\OpenH743I-C_TouchGfx\Middlewares\ST\touchgfx\lib\core\cortex_m7\gcc\libtouchgfx-float-abi-hard.a(ToggleButton.o)
                              ./TouchGFX/generated/gui_generated/src/main_screen/mainViewBase.o (vtable for touchgfx::ToggleButton)
C:\Users\Butch\STM32CubeIDE\Waveshare\OpenH743I-C_TouchGfx\Middlewares\ST\touchgfx\lib\core\cortex_m7\gcc\libtouchgfx-float-abi-hard.a(TextArea.o)
                              C:\Users\Butch\STM32CubeIDE\Waveshare\OpenH743I-C_TouchGfx\Middlewares\ST\touchgfx\lib\core\cortex_m7\gcc\libtouchgfx-float-abi-hard.a(DigitalClock.o) (touchgfx::TextArea::getAlignment() const)
C:\Users\Butch\STM32CubeIDE\Waveshare\OpenH743I-C_TouchGfx\Middlewares\ST\touchgfx\lib\core\cortex_m7\gcc\libtouchgfx-float-abi-hard.a(Box.o)
                              ./TouchGFX/generated/gui_generated/src/main_screen/mainViewBase.o (vtable for touchgfx::Box)
C:\Users\Butch\STM32CubeIDE\Waveshare\OpenH743I-C_TouchGfx\Middlewares\ST\touchgfx\lib\core\cortex_m7\gcc\libtouchgfx-float-abi-hard.a(Button.o)
                              ./TouchGFX/generated/gui_generated/src/main_screen/mainViewBase.o (touchgfx::Button::setBitmaps(touchgfx::Bitmap const&, touchgfx::Bitmap const&))
C:\Users\Butch\STM32CubeIDE\Waveshare\OpenH743I-C_TouchGfx\Middlewares\ST\touchgfx\lib\core\cortex_m7\gcc\libtouchgfx-float-abi-hard.a(TextAreaWithWildcard.o)
                              C:\Users\Butch\STM32CubeIDE\Waveshare\OpenH743I-C_TouchGfx\Middlewares\ST\touchgfx\lib\core\cortex_m7\gcc\libtouchgfx-float-abi-hard.a(DigitalClock.o) (touchgfx::TextAreaWithWildcardBase::draw(touchgfx::Rect const&) const)
C:\Users\Butch\STM32CubeIDE\Waveshare\OpenH743I-C_TouchGfx\Middlewares\ST\touchgfx\lib\core\cortex_m7\gcc\libtouchgfx-float-abi-hard.a(Image.o)
                              C:\Users\Butch\STM32CubeIDE\Waveshare\OpenH743I-C_TouchGfx\Middlewares\ST\touchgfx\lib\core\cortex_m7\gcc\libtouchgfx-float-abi-hard.a(AnalogClock.o) (touchgfx::Image::setBitmap(touchgfx::Bitmap const&))
C:\Users\Butch\STM32CubeIDE\Waveshare\OpenH743I-C_TouchGfx\Middlewares\ST\touchgfx\lib\core\cortex_m7\gcc\libtouchgfx-float-abi-hard.a(ButtonWithLabel.o)
[...]
Memory Configuration

Name             Origin             Length             Attributes
DTCMRAM          0x20000000         0x00020000         xrw
ITCMRAM          0x00000000         0x00010000         xrw
RAM_D1           0x24000000         0x00080000         xrw
RAM_D2           0x30000000         0x00048000         xrw
RAM_D3           0x38000000         0x00010000         xrw
FLASH            0x08000000         0x00200000         xr
*default*        0x00000000         0xffffffff

Linker script and memory map

LOAD C:/ST/STM32CubeIDE_1.18.0/STM32CubeIDE/plugins/com.st.stm32cube.ide.mcu.externaltools.gnu-tools-for-stm32.13.3.rel1.win32_1.0.0.202411081344/tools/bin/../lib/gcc/arm-none-eabi/13.3.1/thumb/v7e-m+dp/hard/crti.o
LOAD C:/ST/STM32CubeIDE_1.18.0/STM32CubeIDE/plugins/com.st.stm32cube.ide.mcu.externaltools.gnu-tools-for-stm32.13.3.rel1.win32_1.0.0.202411081344/tools/bin/../lib/gcc/arm-none-eabi/13.3.1/thumb/v7e-m+dp/hard/crtbegin.o
LOAD C:/ST/STM32CubeIDE_1.18.0/STM32CubeIDE/plugins/com.st.stm32cube.ide.mcu.externaltools.gnu-tools-for-stm32.13.3.rel1.win32_1.0.0.202411081344/tools/bin/../lib/gcc/arm-none-eabi/13.3.1/../../../../arm-none-eabi/lib/thumb/v7e-m+dp/hard/crt0.o
LOAD ./BSP/BSP_RGB_LCD.o
LOAD ./BSP/BSP_SDRAM.o
LOAD ./BSP/GT811.o
LOAD ./BSP/TS_I2C.o
LOAD ./Core/Src/crc.o
LOAD ./Core/Src/dma2d.o
LOAD ./Core/Src/fmc.o
LOAD ./Core/Src/gpio.o
LOAD ./Core/Src/i2c.o
LOAD ./Core/Src/ltdc.o
LOAD ./Core/Src/main.o
LOAD ./Core/Src/stm32h7xx_hal_msp.o
LOAD ./Core/Src/stm32h7xx_it.o
LOAD ./Core/Src/syscalls.o
LOAD ./Core/Src/sysmem.o
LOAD ./Core/Src/system_stm32h7xx.o
LOAD ./Core/Src/tim.o
LOAD ./Core/Src/usart.o
LOAD ./Core/Startup/startup_stm32h743iitx.o
LOAD ./Drivers/STM32H7xx_HAL_Driver/Src/stm32h7xx_hal.o
LOAD ./Drivers/STM32H7xx_HAL_Driver/Src/stm32h7xx_hal_cortex.o
LOAD ./Drivers/STM32H7xx_HAL_Driver/Src/stm32h7xx_hal_crc.o
LOAD ./Drivers/STM32H7xx_HAL_Driver/Src/stm32h7xx_hal_crc_ex.o
LOAD ./Drivers/STM32H7xx_HAL_Driver/Src/stm32h7xx_hal_dma.o
LOAD ./Drivers/STM32H7xx_HAL_Driver/Src/stm32h7xx_hal_dma2d.o
LOAD ./Drivers/STM32H7xx_HAL_Driver/Src/stm32h7xx_hal_dma_ex.o
LOAD ./Drivers/STM32H7xx_HAL_Driver/Src/stm32h7xx_hal_exti.o
LOAD ./Drivers/STM32H7xx_HAL_Driver/Src/stm32h7xx_hal_flash.o
LOAD ./Drivers/STM32H7xx_HAL_Driver/Src/stm32h7xx_hal_flash_ex.o
LOAD ./Drivers/STM32H7xx_HAL_Driver/Src/stm32h7xx_hal_gpio.o
LOAD ./Drivers/STM32H7xx_HAL_Driver/Src/stm32h7xx_hal_hsem.o
LOAD ./Drivers/STM32H7xx_HAL_Driver/Src/stm32h7xx_hal_i2c.o
LOAD ./Drivers/STM32H7xx_HAL_Driver/Src/stm32h7xx_hal_i2c_ex.o
LOAD ./Drivers/STM32H7xx_HAL_Driver/Src/stm32h7xx_hal_ltdc.o
LOAD ./Drivers/STM32H7xx_HAL_Driver/Src/stm32h7xx_hal_ltdc_ex.o
LOAD ./Drivers/STM32H7xx_HAL_Driver/Src/stm32h7xx_hal_mdma.o
LOAD ./Drivers/STM32H7xx_HAL_Driver/Src/stm32h7xx_hal_nand.o
LOAD ./Drivers/STM32H7xx_HAL_Driver/Src/stm32h7xx_hal_nor.o
LOAD ./Drivers/STM32H7xx_HAL_Driver/Src/stm32h7xx_hal_pwr.o
LOAD ./Drivers/STM32H7xx_HAL_Driver/Src/stm32h7xx_hal_pwr_ex.o
LOAD ./Drivers/STM32H7xx_HAL_Driver/Src/stm32h7xx_hal_rcc.o
LOAD ./Drivers/STM32H7xx_HAL_Driver/Src/stm32h7xx_hal_rcc_ex.o
LOAD ./Drivers/STM32H7xx_HAL_Driver/Src/stm32h7xx_hal_sdram.o
LOAD ./Drivers/STM32H7xx_HAL_Driver/Src/stm32h7xx_hal_sram.o
LOAD ./Drivers/STM32H7xx_HAL_Driver/Src/stm32h7xx_hal_tim.o
LOAD ./Drivers/STM32H7xx_HAL_Driver/Src/stm32h7xx_hal_tim_ex.o
LOAD ./Drivers/STM32H7xx_HAL_Driver/Src/stm32h7xx_hal_uart.o
LOAD ./Drivers/STM32H7xx_HAL_Driver/Src/stm32h7xx_hal_uart_ex.o
LOAD ./Drivers/STM32H7xx_HAL_Driver/Src/stm32h7xx_ll_fmc.o
LOAD ./TouchGFX/generated/fonts/src/ApplicationFontProvider.o
LOAD ./TouchGFX/generated/fonts/src/CachedFont.o
LOAD ./TouchGFX/generated/fonts/src/CompressedFontCache.o
LOAD ./TouchGFX/generated/fonts/src/CompressedUnmappedFontCache.o
LOAD ./TouchGFX/generated/fonts/src/FontCache.o
LOAD ./TouchGFX/generated/fonts/src/Font_Asap_Regular_24_4bpp_0.o
LOAD ./TouchGFX/generated/fonts/src/GeneratedFont.o
LOAD ./TouchGFX/generated/fonts/src/Kerning_Asap_Regular_24_4bpp.o
LOAD ./TouchGFX/generated/fonts/src/Table_Asap_Regular_24_4bpp.o
LOAD ./TouchGFX/generated/fonts/src/UnmappedDataFont.o
LOAD ./TouchGFX/generated/fonts/src/VectorFontRendererBuffers.o
LOAD ./TouchGFX/generated/gui_generated/src/common/FrontendApplicationBase.o
LOAD ./TouchGFX/generated/gui_generated/src/main_screen/mainViewBase.o
LOAD ./TouchGFX/generated/images/src/BitmapDatabase.o
LOAD ./TouchGFX/generated/images/src/SVGDatabase.o
LOAD ./TouchGFX/generated/images/src/image_background.o
LOAD ./TouchGFX/generated/images/src/image_clocks_backgrounds_clock_classic_background.o
LOAD ./TouchGFX/generated/images/src/image_clocks_hands_clock_classic_hour_hand.o
LOAD ./TouchGFX/generated/images/src/image_clocks_hands_clock_classic_minute_hand.o
LOAD ./TouchGFX/generated/images/src/image_clocks_hands_clock_classic_second_hand.o
LOAD ./TouchGFX/generated/images/src/__designer/image_Blue_Buttons_Round_Edge_small.o
LOAD ./TouchGFX/generated/images/src/__designer/image_Blue_Buttons_Round_Edge_small_pressed.o
LOAD ./TouchGFX/generated/images/src/__designer/image_Blue_Clocks_Backgrounds_clock_standard_background.o
LOAD ./TouchGFX/generated/images/src/__designer/image_Blue_Clocks_Hands_clock_standard_hour_hand.o
LOAD ./TouchGFX/generated/images/src/__designer/image_Blue_Clocks_Hands_clock_standard_minute_hand.o
LOAD ./TouchGFX/generated/images/src/__designer/image_Blue_Clocks_Hands_clock_standard_second_hand.o
LOAD ./TouchGFX/generated/images/src/__designer/image_Blue_Togglebars_Toggle_round_large_button_OFF.o
LOAD ./TouchGFX/generated/images/src/__designer/image_Blue_Togglebars_Toggle_round_large_button_ON.o
LOAD ./TouchGFX/generated/texts/src/LanguageGb.o
LOAD ./TouchGFX/generated/texts/src/Texts.o
LOAD ./TouchGFX/generated/texts/src/TypedTextDatabase.o
LOAD ./TouchGFX/gui/src/common/FrontendApplication.o
LOAD ./TouchGFX/gui/src/main_screen/mainPresenter.o
LOAD ./TouchGFX/gui/src/main_screen/mainView.o
LOAD ./TouchGFX/gui/src/model/Model.o
LOAD C:\Users\Butch\STM32CubeIDE\Waveshare\OpenH743I-C_TouchGfx\Middlewares\ST\touchgfx\lib\core\cortex_m7\gcc\libtouchgfx-float-abi-hard.a
START GROUP
LOAD C:/ST/STM32CubeIDE_1.18.0/STM32CubeIDE/plugins/com.st.stm32cube.ide.mcu.externaltools.gnu-tools-for-stm32.13.3.rel1.win32_1.0.0.202411081344/tools/bin/../lib/gcc/arm-none-eabi/13.3.1/../../../../arm-none-eabi/lib/thumb/v7e-m+dp/hard\libstdc++_nano.a
LOAD C:/ST/STM32CubeIDE_1.18.0/STM32CubeIDE/plugins/com.st.stm32cube.ide.mcu.externaltools.gnu-tools-for-stm32.13.3.rel1.win32_1.0.0.202411081344/tools/bin/../lib/gcc/arm-none-eabi/13.3.1/../../../../arm-none-eabi/lib/thumb/v7e-m+dp/hard\libsupc++_nano.a
END GROUP
LOAD C:/ST/STM32CubeIDE_1.18.0/STM32CubeIDE/plugins/com.st.stm32cube.ide.mcu.externaltools.gnu-tools-for-stm32.13.3.rel1.win32_1.0.0.202411081344/tools/bin/../lib/gcc/arm-none-eabi/13.3.1/../../../../arm-none-eabi/lib/thumb/v7e-m+dp/hard\libstdc++_nano.a
LOAD C:/ST/STM32CubeIDE_1.18.0/STM32CubeIDE/plugins/com.st.stm32cube.ide.mcu.externaltools.gnu-tools-for-stm32.13.3.rel1.win32_1.0.0.202411081344/tools/bin/../lib/gcc/arm-none-eabi/13.3.1/../../../../arm-none-eabi/lib/thumb/v7e-m+dp/hard\libm.a
LOAD C:/ST/STM32CubeIDE_1.18.0/STM32CubeIDE/plugins/com.st.stm32cube.ide.mcu.externaltools.gnu-tools-for-stm32.13.3.rel1.win32_1.0.0.202411081344/tools/bin/../lib/gcc/arm-none-eabi/13.3.1/../../../../arm-none-eabi/lib/thumb/v7e-m+dp/hard\libc_nano.a
START GROUP
LOAD C:/ST/STM32CubeIDE_1.18.0/STM32CubeIDE/plugins/com.st.stm32cube.ide.mcu.externaltools.gnu-tools-for-stm32.13.3.rel1.win32_1.0.0.202411081344/tools/bin/../lib/gcc/arm-none-eabi/13.3.1/thumb/v7e-m+dp/hard\libgcc.a
LOAD C:/ST/STM32CubeIDE_1.18.0/STM32CubeIDE/plugins/com.st.stm32cube.ide.mcu.externaltools.gnu-tools-for-stm32.13.3.rel1.win32_1.0.0.202411081344/tools/bin/../lib/gcc/arm-none-eabi/13.3.1/../../../../arm-none-eabi/lib/thumb/v7e-m+dp/hard\libc_nano.a
END GROUP
START GROUP
LOAD C:/ST/STM32CubeIDE_1.18.0/STM32CubeIDE/plugins/com.st.stm32cube.ide.mcu.externaltools.gnu-tools-for-stm32.13.3.rel1.win32_1.0.0.202411081344/tools/bin/../lib/gcc/arm-none-eabi/13.3.1/thumb/v7e-m+dp/hard\libgcc.a
LOAD C:/ST/STM32CubeIDE_1.18.0/STM32CubeIDE/plugins/com.st.stm32cube.ide.mcu.externaltools.gnu-tools-for-stm32.13.3.rel1.win32_1.0.0.202411081344/tools/bin/../lib/gcc/arm-none-eabi/13.3.1/../../../../arm-none-eabi/lib/thumb/v7e-m+dp/hard\libc_nano.a
LOAD C:/ST/STM32CubeIDE_1.18.0/STM32CubeIDE/plugins/com.st.stm32cube.ide.mcu.externaltools.gnu-tools-for-stm32.13.3.rel1.win32_1.0.0.202411081344/tools/bin/../lib/gcc/arm-none-eabi/13.3.1/../../../../arm-none-eabi/lib/thumb/v7e-m+dp/hard\libnosys.a
END GROUP
START GROUP
LOAD C:/ST/STM32CubeIDE_1.18.0/STM32CubeIDE/plugins/com.st.stm32cube.ide.mcu.externaltools.gnu-tools-for-stm32.13.3.rel1.win32_1.0.0.202411081344/tools/bin/../lib/gcc/arm-none-eabi/13.3.1/thumb/v7e-m+dp/hard\libgcc.a
LOAD C:/ST/STM32CubeIDE_1.18.0/STM32CubeIDE/plugins/com.st.stm32cube.ide.mcu.externaltools.gnu-tools-for-stm32.13.3.rel1.win32_1.0.0.202411081344/tools/bin/../lib/gcc/arm-none-eabi/13.3.1/../../../../arm-none-eabi/lib/thumb/v7e-m+dp/hard\libc_nano.a
LOAD C:/ST/STM32CubeIDE_1.18.0/STM32CubeIDE/plugins/com.st.stm32cube.ide.mcu.externaltools.gnu-tools-for-stm32.13.3.rel1.win32_1.0.0.202411081344/tools/bin/../lib/gcc/arm-none-eabi/13.3.1/../../../../arm-none-eabi/lib/thumb/v7e-m+dp/hard\libnosys.a
END GROUP
LOAD C:/ST/STM32CubeIDE_1.18.0/STM32CubeIDE/plugins/com.st.stm32cube.ide.mcu.externaltools.gnu-tools-for-stm32.13.3.rel1.win32_1.0.0.202411081344/tools/bin/../lib/gcc/arm-none-eabi/13.3.1/thumb/v7e-m+dp/hard/crtend.o
LOAD C:/ST/STM32CubeIDE_1.18.0/STM32CubeIDE/plugins/com.st.stm32cube.ide.mcu.externaltools.gnu-tools-for-stm32.13.3.rel1.win32_1.0.0.202411081344/tools/bin/../lib/gcc/arm-none-eabi/13.3.1/thumb/v7e-m+dp/hard/crtn.o
                0x24080000                        _estack = (ORIGIN (RAM_D1) + LENGTH (RAM_D1))
                0x00000200                        _Min_Heap_Size = 0x200
                0x00000400                        _Min_Stack_Size = 0x400

.isr_vector     0x08000000      0x298
                0x08000000                        . = ALIGN (0x4)
 *(.isr_vector)
 .isr_vector    0x08000000      0x298 ./Core/Startup/startup_stm32h743iitx.o
                0x08000000                g_pfnVectors
                0x08000298                        . = ALIGN (0x4)

.text           0x080002a0     0x6b74
                0x080002a0                        . = ALIGN (0x4)
 *(.text)
 .text          0x080002a0       0x40 C:/ST/STM32CubeIDE_1.18.0/STM32CubeIDE/plugins/com.st.stm32cube.ide.mcu.externaltools.gnu-tools-for-stm32.13.3.rel1.win32_1.0.0.202411081344/tools/bin/../lib/gcc/arm-none-eabi/13.3.1/thumb/v7e-m+dp/hard/crtbegin.o
 .text          0x080002e0       0xa0 C:/ST/STM32CubeIDE_1.18.0/STM32CubeIDE/plugins/com.st.stm32cube.ide.mcu.externaltools.gnu-tools-for-stm32.13.3.rel1.win32_1.0.0.202411081344/tools/bin/../lib/gcc/arm-none-eabi/13.3.1/../../../../arm-none-eabi/lib/thumb/v7e-m+dp/hard\libc_nano.a(libc_a-memchr.o)
                0x080002e0                memchr
 .text          0x08000380       0x30 C:/ST/STM32CubeIDE_1.18.0/STM32CubeIDE/plugins/com.st.stm32cube.ide.mcu.externaltools.gnu-tools-for-stm32.13.3.rel1.win32_1.0.0.202411081344/tools/bin/../lib/gcc/arm-none-eabi/13.3.1/thumb/v7e-m+dp/hard\libgcc.a(_aeabi_uldivmod.o)
                0x08000380                __aeabi_uldivmod
 .text          0x080003b0      0x2f8 C:/ST/STM32CubeIDE_1.18.0/STM32CubeIDE/plugins/com.st.stm32cube.ide.mcu.externaltools.gnu-tools-for-stm32.13.3.rel1.win32_1.0.0.202411081344/tools/bin/../lib/gcc/arm-none-eabi/13.3.1/thumb/v7e-m+dp/hard\libgcc.a(_udivmoddi4.o)
                0x080003b0                __udivmoddi4
 .text          0x080006a8        0x4 C:/ST/STM32CubeIDE_1.18.0/STM32CubeIDE/plugins/com.st.stm32cube.ide.mcu.externaltools.gnu-tools-for-stm32.13.3.rel1.win32_1.0.0.202411081344/tools/bin/../lib/gcc/arm-none-eabi/13.3.1/thumb/v7e-m+dp/hard\libgcc.a(_dvmd_tls.o)
                0x080006a8                __aeabi_idiv0
                0x080006a8                __aeabi_ldiv0
 *(.text*)
 .text.BSP_LCD_GetXSize
                0x080006ac       0x18 ./BSP/BSP_RGB_LCD.o
                0x080006ac                BSP_LCD_GetXSize
 .text.BSP_LCD_GetYSize
                0x080006c4       0x18 ./BSP/BSP_RGB_LCD.o
                0x080006c4                BSP_LCD_GetYSize
 .text.BSP_LCD_SetLayerVisible
                0x080006dc       0x28 ./BSP/BSP_RGB_LCD.o
                0x080006dc                BSP_LCD_SetLayerVisible
 .text.BSP_LCD_Init
                0x08000704       0x1c ./BSP/BSP_RGB_LCD.o
                0x08000704                BSP_LCD_Init
 .text.BSP_LCD_Clear
                0x08000720       0x9c ./BSP/BSP_RGB_LCD.o
                0x08000720                BSP_LCD_Clear
 .text.BSP_SDRAM_Initialization_sequence
                0x080007bc       0x90 ./BSP/BSP_SDRAM.o
                0x080007bc                BSP_SDRAM_Initialization_sequence
 .text.BSP_SDRAM_Init
                0x0800084c       0x18 ./BSP/BSP_SDRAM.o
                0x0800084c                BSP_SDRAM_Init
 .text.GT811_ReadID
                0x08000864       0x38 ./BSP/GT811.o
                0x08000864                GT811_ReadID
 .text.GT811_Init
                0x0800089c       0x5c ./BSP/GT811.o
                0x0800089c                GT811_Init
 .text.SDA_OUT  0x080008f8       0x24 ./BSP/TS_I2C.o
 .text.SDA_IN   0x0800091c       0x28 ./BSP/TS_I2C.o
 .text.delay_us.constprop.0
                0x08000944       0x10 ./BSP/TS_I2C.o
 .text.I2C_Init
                0x08000954       0x88 ./BSP/TS_I2C.o
                0x08000954                I2C_Init
 .text.I2C_Start
                0x080009dc       0x50 ./BSP/TS_I2C.o
                0x080009dc                I2C_Start
 .text.I2C_Stop
                0x08000a2c       0x40 ./BSP/TS_I2C.o
                0x08000a2c                I2C_Stop
 .text.I2C_Wait_Ack
                0x08000a6c       0x5c ./BSP/TS_I2C.o
                0x08000a6c                I2C_Wait_Ack
 .text.I2C_Ack  0x08000ac8       0x4c ./BSP/TS_I2C.o
                0x08000ac8                I2C_Ack
 .text.I2C_NAck
                0x08000b14       0x40 ./BSP/TS_I2C.o
                0x08000b14                I2C_NAck
 .text.I2C_Send_Byte
                0x08000b54       0x84 ./BSP/TS_I2C.o
                0x08000b54                I2C_Send_Byte
 .text.I2C_Read_Byte
                0x08000bd8       0x6c ./BSP/TS_I2C.o
                0x08000bd8                I2C_Read_Byte
 .text.I2C_WriteReg
                0x08000c44       0x50 ./BSP/TS_I2C.o
                0x08000c44                I2C_WriteReg
 .text.I2C_ReadReg
                0x08000c94       0x60 ./BSP/TS_I2C.o
                0x08000c94                I2C_ReadReg
 .text.MX_CRC_Init
                0x08000cf4       0x2c ./Core/Src/crc.o
                0x08000cf4                MX_CRC_Init
 .text.HAL_CRC_MspInit
                0x08000d20       0x30 ./Core/Src/crc.o
                0x08000d20                HAL_CRC_MspInit
 .text.MX_DMA2D_Init
                0x08000d50       0x48 ./Core/Src/dma2d.o
                0x08000d50                MX_DMA2D_Init
 .text.HAL_DMA2D_MspInit
                0x08000d98       0x48 ./Core/Src/dma2d.o
                0x08000d98                HAL_DMA2D_MspInit
 .text.MX_FMC_Init
                0x08000de0       0x64 ./Core/Src/fmc.o
                0x08000de0                MX_FMC_Init
 .text.HAL_SDRAM_MspInit
                0x08000e44       0xe8 ./Core/Src/fmc.o
                0x08000e44                HAL_SDRAM_MspInit
 .text.MX_GPIO_Init
                0x08000f2c      0x1d0 ./Core/Src/gpio.o
                0x08000f2c                MX_GPIO_Init
 .text.MX_I2C4_Init
                0x080010fc       0x58 ./Core/Src/i2c.o
                0x080010fc                MX_I2C4_Init
 .text.HAL_I2C_MspInit
                0x08001154       0x9c ./Core/Src/i2c.o
                0x08001154                HAL_I2C_MspInit
 .text.MX_LTDC_Init
                0x080011f0       0xac ./Core/Src/ltdc.o
                0x080011f0                MX_LTDC_Init
 .text.HAL_LTDC_MspInit
                0x0800129c      0x258 ./Core/Src/ltdc.o
                0x0800129c                HAL_LTDC_MspInit
 .text.Error_Handler
                0x080014f4       0x30 ./Core/Src/main.o
                0x080014f4                Error_Handler
 .text.SystemClock_Config
                0x08001524       0xc4 ./Core/Src/main.o
                0x08001524                SystemClock_Config
 .text.startup.main
                0x080015e8       0xd8 ./Core/Src/main.o
                0x080015e8                main
 .text.HAL_MspInit
                0x080016c0       0x24 ./Core/Src/stm32h7xx_hal_msp.o
                0x080016c0                HAL_MspInit
 .text.NMI_Handler
                0x080016e4        0x2 ./Core/Src/stm32h7xx_it.o
                0x080016e4                NMI_Handler
 .text.HardFault_Handler
                0x080016e6        0x2 ./Core/Src/stm32h7xx_it.o
                0x080016e6                HardFault_Handler
 .text.MemManage_Handler
                0x080016e8        0x2 ./Core/Src/stm32h7xx_it.o
                0x080016e8                MemManage_Handler
 .text.BusFault_Handler
                0x080016ea        0x2 ./Core/Src/stm32h7xx_it.o
                0x080016ea                BusFault_Handler
 .text.UsageFault_Handler
                0x080016ec        0x2 ./Core/Src/stm32h7xx_it.o
                0x080016ec                UsageFault_Handler
 .text.SVC_Handler
                0x080016ee        0x2 ./Core/Src/stm32h7xx_it.o
                0x080016ee                SVC_Handler
 .text.DebugMon_Handler
                0x080016f0        0x2 ./Core/Src/stm32h7xx_it.o
                0x080016f0                DebugMon_Handler
 .text.PendSV_Handler
                0x080016f2        0x2 ./Core/Src/stm32h7xx_it.o
                0x080016f2                PendSV_Handler
 .text.SysTick_Handler
                0x080016f4        0x4 ./Core/Src/stm32h7xx_it.o
                0x080016f4                SysTick_Handler
 .text.EXTI9_5_IRQHandler
                0x080016f8        0x6 ./Core/Src/stm32h7xx_it.o
                0x080016f8                EXTI9_5_IRQHandler
 *fill*         0x080016fe        0x2 
 .text.LTDC_IRQHandler
                0x08001700        0xc ./Core/Src/stm32h7xx_it.o
                0x08001700                LTDC_IRQHandler
 .text.DMA2D_IRQHandler
                0x0800170c        0xc ./Core/Src/stm32h7xx_it.o
                0x0800170c                DMA2D_IRQHandler
 .text._getpid  0x08001718        0x4 ./Core/Src/syscalls.o
                0x08001718                _getpid
 .text._kill    0x0800171c       0x10 ./Core/Src/syscalls.o
                0x0800171c                _kill
 .text._exit    0x0800172c        0xc ./Core/Src/syscalls.o
                0x0800172c                _exit
 .text._read    0x08001738       0x1c ./Core/Src/syscalls.o
                0x08001738                _read
 .text._write   0x08001754       0x1c ./Core/Src/syscalls.o
                0x08001754                _write
 .text._close   0x08001770        0x6 ./Core/Src/syscalls.o
                0x08001770                _close
 .text._fstat   0x08001776        0xa ./Core/Src/syscalls.o
                0x08001776                _fstat
 .text._isatty  0x08001780        0x4 ./Core/Src/syscalls.o
                0x08001780                _isatty
 .text._lseek   0x08001784        0x4 ./Core/Src/syscalls.o
                0x08001784                _lseek
 .text._sbrk    0x08001788       0x40 ./Core/Src/sysmem.o
                0x08001788                _sbrk
 .text.SystemInit
                0x080017c8       0xc8 ./Core/Src/system_stm32h7xx.o
                0x080017c8                SystemInit
 .text.HAL_TIM_PWM_MspInit
                0x08001890       0x2c ./Core/Src/tim.o
                0x08001890                HAL_TIM_PWM_MspInit
 .text.HAL_TIM_MspPostInit
                0x080018bc       0x54 ./Core/Src/tim.o
                0x080018bc                HAL_TIM_MspPostInit
 .text.MX_TIM2_Init
                0x08001910       0x7c ./Core/Src/tim.o
                0x08001910                MX_TIM2_Init
 .text.MX_USART1_UART_Init
                0x0800198c       0x64 ./Core/Src/usart.o
                0x0800198c                MX_USART1_UART_Init
 .text.HAL_UART_MspInit
                0x080019f0       0x94 ./Core/Src/usart.o
                0x080019f0                HAL_UART_MspInit
 .text.Reset_Handler
                0x08001a84       0x50 ./Core/Startup/startup_stm32h743iitx.o
                0x08001a84                Reset_Handler
 .text.Default_Handler
                0x08001ad4        0x2 ./Core/Startup/startup_stm32h743iitx.o
                0x08001ad4                RTC_Alarm_IRQHandler
                0x08001ad4                EXTI2_IRQHandler
                0x08001ad4                TIM8_CC_IRQHandler
                0x08001ad4                HRTIM1_Master_IRQHandler
                0x08001ad4                UART8_IRQHandler
                0x08001ad4                SPI4_IRQHandler
                0x08001ad4                TIM1_CC_IRQHandler
                0x08001ad4                BDMA_Channel6_IRQHandler
                0x08001ad4                DMA2_Stream5_IRQHandler
                0x08001ad4                HRTIM1_FLT_IRQHandler
                0x08001ad4                JPEG_IRQHandler
                0x08001ad4                DMA1_Stream5_IRQHandler
                0x08001ad4                BDMA_Channel1_IRQHandler
                0x08001ad4                HRTIM1_TIMD_IRQHandler
                0x08001ad4                TAMP_STAMP_IRQHandler
                0x08001ad4                EXTI3_IRQHandler
                0x08001ad4                LPTIM4_IRQHandler
                0x08001ad4                TIM8_TRG_COM_TIM14_IRQHandler
                0x08001ad4                LPTIM2_IRQHandler
                0x08001ad4                DFSDM1_FLT1_IRQHandler
                0x08001ad4                DMAMUX2_OVR_IRQHandler
                0x08001ad4                TIM8_UP_TIM13_IRQHandler
                0x08001ad4                I2C3_ER_IRQHandler
                0x08001ad4                DFSDM1_FLT2_IRQHandler
                0x08001ad4                MDMA_IRQHandler
                0x08001ad4                LPTIM3_IRQHandler
                0x08001ad4                HSEM1_IRQHandler
                0x08001ad4                EXTI0_IRQHandler
                0x08001ad4                I2C2_EV_IRQHandler
                0x08001ad4                DMA1_Stream2_IRQHandler
                0x08001ad4                FPU_IRQHandler
                0x08001ad4                OTG_HS_WKUP_IRQHandler
                0x08001ad4                FDCAN1_IT1_IRQHandler
                0x08001ad4                LTDC_ER_IRQHandler
                0x08001ad4                DMA2_Stream2_IRQHandler
                0x08001ad4                HRTIM1_TIME_IRQHandler
                0x08001ad4                SPI1_IRQHandler
                0x08001ad4                TIM6_DAC_IRQHandler
                0x08001ad4                DCMI_IRQHandler
                0x08001ad4                HRTIM1_TIMC_IRQHandler
                0x08001ad4                DMA2_Stream3_IRQHandler
                0x08001ad4                SAI2_IRQHandler
                0x08001ad4                DFSDM1_FLT3_IRQHandler
                0x08001ad4                USART6_IRQHandler
                0x08001ad4                TIM17_IRQHandler
                0x08001ad4                USART3_IRQHandler
                0x08001ad4                BDMA_Channel7_IRQHandler
                0x08001ad4                LPTIM5_IRQHandler
                0x08001ad4                UART5_IRQHandler
                0x08001ad4                ADC3_IRQHandler
                0x08001ad4                DMA2_Stream0_IRQHandler
                0x08001ad4                TIM4_IRQHandler
                0x08001ad4                BDMA_Channel2_IRQHandler
                0x08001ad4                QUADSPI_IRQHandler
                0x08001ad4                I2C1_EV_IRQHandler
                0x08001ad4                DMA1_Stream6_IRQHandler
                0x08001ad4                DMAMUX1_OVR_IRQHandler
                0x08001ad4                DMA1_Stream1_IRQHandler
                0x08001ad4                TIM16_IRQHandler
                0x08001ad4                UART4_IRQHandler
                0x08001ad4                BDMA_Channel5_IRQHandler
                0x08001ad4                TIM3_IRQHandler
                0x08001ad4                RCC_IRQHandler
                0x08001ad4                TIM8_BRK_TIM12_IRQHandler
                0x08001ad4                TIM1_TRG_COM_IRQHandler
                0x08001ad4                Default_Handler
                0x08001ad4                ECC_IRQHandler
                0x08001ad4                CEC_IRQHandler
                0x08001ad4                EXTI15_10_IRQHandler
                0x08001ad4                BDMA_Channel0_IRQHandler
                0x08001ad4                ADC_IRQHandler
                0x08001ad4                DMA1_Stream7_IRQHandler
                0x08001ad4                HRTIM1_TIMA_IRQHandler
                0x08001ad4                SPI5_IRQHandler
                0x08001ad4                TIM7_IRQHandler
                0x08001ad4                SDMMC1_IRQHandler
                0x08001ad4                TIM5_IRQHandler
                0x08001ad4                DMA2_Stream7_IRQHandler
                0x08001ad4                TIM15_IRQHandler
                0x08001ad4                PVD_AVD_IRQHandler
                0x08001ad4                I2C3_EV_IRQHandler
                0x08001ad4                RTC_WKUP_IRQHandler
                0x08001ad4                SAI3_IRQHandler
                0x08001ad4                ETH_WKUP_IRQHandler
                0x08001ad4                SPDIF_RX_IRQHandler
                0x08001ad4                SPI2_IRQHandler
                0x08001ad4                OTG_HS_EP1_IN_IRQHandler
                0x08001ad4                DMA1_Stream0_IRQHandler
                0x08001ad4                CRS_IRQHandler
                0x08001ad4                EXTI4_IRQHandler
                0x08001ad4                RNG_IRQHandler
                0x08001ad4                HRTIM1_TIMB_IRQHandler
                0x08001ad4                FDCAN2_IT1_IRQHandler
                0x08001ad4                ETH_IRQHandler
                0x08001ad4                TIM1_UP_IRQHandler
                0x08001ad4                BDMA_Channel4_IRQHandler
                0x08001ad4                OTG_HS_EP1_OUT_IRQHandler
                0x08001ad4                WWDG_IRQHandler
                0x08001ad4                SPI6_IRQHandler
                0x08001ad4                MDIOS_IRQHandler
                0x08001ad4                I2C4_EV_IRQHandler
                0x08001ad4                FDCAN2_IT0_IRQHandler
                0x08001ad4                LPUART1_IRQHandler
                0x08001ad4                FDCAN1_IT0_IRQHandler
                0x08001ad4                TIM2_IRQHandler
                0x08001ad4                OTG_FS_WKUP_IRQHandler
                0x08001ad4                OTG_HS_IRQHandler
                0x08001ad4                TIM1_BRK_IRQHandler
                0x08001ad4                EXTI1_IRQHandler
                0x08001ad4                SDMMC2_IRQHandler
                0x08001ad4                OTG_FS_EP1_OUT_IRQHandler
                0x08001ad4                BDMA_Channel3_IRQHandler
                0x08001ad4                UART7_IRQHandler
                0x08001ad4                MDIOS_WKUP_IRQHandler
                0x08001ad4                USART2_IRQHandler
                0x08001ad4                DFSDM1_FLT0_IRQHandler
                0x08001ad4                SAI4_IRQHandler
                0x08001ad4                I2C2_ER_IRQHandler
                0x08001ad4                DMA2_Stream1_IRQHandler
                0x08001ad4                FLASH_IRQHandler
                0x08001ad4                DMA2_Stream4_IRQHandler
                0x08001ad4                USART1_IRQHandler
                0x08001ad4                OTG_FS_IRQHandler
                0x08001ad4                SPI3_IRQHandler
                0x08001ad4                WAKEUP_PIN_IRQHandler
                0x08001ad4                DMA1_Stream4_IRQHandler
                0x08001ad4                OTG_FS_EP1_IN_IRQHandler
                0x08001ad4                I2C1_ER_IRQHandler
                0x08001ad4                FMC_IRQHandler
                0x08001ad4                FDCAN_CAL_IRQHandler
                0x08001ad4                SWPMI1_IRQHandler
                0x08001ad4                COMP1_IRQHandler
                0x08001ad4                LPTIM1_IRQHandler
                0x08001ad4                I2C4_ER_IRQHandler
                0x08001ad4                DMA2_Stream6_IRQHandler
                0x08001ad4                SAI1_IRQHandler
                0x08001ad4                DMA1_Stream3_IRQHandler
 *fill*         0x08001ad6        0x2 
 .text.HAL_InitTick
                0x08001ad8       0x4c ./Drivers/STM32H7xx_HAL_Driver/Src/stm32h7xx_hal.o
                0x08001ad8                HAL_InitTick
 .text.HAL_Init
                0x08001b24       0x5c ./Drivers/STM32H7xx_HAL_Driver/Src/stm32h7xx_hal.o
                0x08001b24                HAL_Init
 .text.HAL_IncTick
                0x08001b80       0x18 ./Drivers/STM32H7xx_HAL_Driver/Src/stm32h7xx_hal.o
                0x08001b80                HAL_IncTick
 .text.HAL_GetTick
                0x08001b98        0xc ./Drivers/STM32H7xx_HAL_Driver/Src/stm32h7xx_hal.o
                0x08001b98                HAL_GetTick
 .text.HAL_Delay
                0x08001ba4       0x24 ./Drivers/STM32H7xx_HAL_Driver/Src/stm32h7xx_hal.o
                0x08001ba4                HAL_Delay
 .text.HAL_GetREVID
                0x08001bc8        0xc ./Drivers/STM32H7xx_HAL_Driver/Src/stm32h7xx_hal.o
                0x08001bc8                HAL_GetREVID
 .text.HAL_NVIC_SetPriorityGrouping
                0x08001bd4       0x24 ./Drivers/STM32H7xx_HAL_Driver/Src/stm32h7xx_hal_cortex.o
                0x08001bd4                HAL_NVIC_SetPriorityGrouping
 .text.HAL_NVIC_SetPriority
                0x08001bf8       0x64 ./Drivers/STM32H7xx_HAL_Driver/Src/stm32h7xx_hal_cortex.o
                0x08001bf8                HAL_NVIC_SetPriority
 .text.HAL_NVIC_EnableIRQ
                0x08001c5c       0x1c ./Drivers/STM32H7xx_HAL_Driver/Src/stm32h7xx_hal_cortex.o
                0x08001c5c                HAL_NVIC_EnableIRQ
 .text.HAL_SYSTICK_Config
                0x08001c78       0x28 ./Drivers/STM32H7xx_HAL_Driver/Src/stm32h7xx_hal_cortex.o
                0x08001c78                HAL_SYSTICK_Config
 .text.HAL_CRC_Init
                0x08001ca0       0x74 ./Drivers/STM32H7xx_HAL_Driver/Src/stm32h7xx_hal_crc.o
                0x08001ca0                HAL_CRC_Init
 .text.HAL_CRCEx_Polynomial_Set
                0x08001d14       0x4e ./Drivers/STM32H7xx_HAL_Driver/Src/stm32h7xx_hal_crc_ex.o
                0x08001d14                HAL_CRCEx_Polynomial_Set
 .text.DMA2D_SetConfig
                0x08001d62       0x8e ./Drivers/STM32H7xx_HAL_Driver/Src/stm32h7xx_hal_dma2d.o
 .text.HAL_DMA2D_Init
                0x08001df0       0x7a ./Drivers/STM32H7xx_HAL_Driver/Src/stm32h7xx_hal_dma2d.o
                0x08001df0                HAL_DMA2D_Init
 .text.HAL_DMA2D_Start
                0x08001e6a       0x34 ./Drivers/STM32H7xx_HAL_Driver/Src/stm32h7xx_hal_dma2d.o
                0x08001e6a                HAL_DMA2D_Start
 .text.HAL_DMA2D_PollForTransfer
                0x08001e9e       0xfa ./Drivers/STM32H7xx_HAL_Driver/Src/stm32h7xx_hal_dma2d.o
                0x08001e9e                HAL_DMA2D_PollForTransfer
 .text.HAL_DMA2D_LineEventCallback
                0x08001f98        0x2 ./Drivers/STM32H7xx_HAL_Driver/Src/stm32h7xx_hal_dma2d.o
                0x08001f98                HAL_DMA2D_LineEventCallback
 .text.HAL_DMA2D_CLUTLoadingCpltCallback
                0x08001f9a        0x2 ./Drivers/STM32H7xx_HAL_Driver/Src/stm32h7xx_hal_dma2d.o
                0x08001f9a                HAL_DMA2D_CLUTLoadingCpltCallback
 .text.HAL_DMA2D_IRQHandler
                0x08001f9c      0x114 ./Drivers/STM32H7xx_HAL_Driver/Src/stm32h7xx_hal_dma2d.o
                0x08001f9c                HAL_DMA2D_IRQHandler
 .text.HAL_DMA2D_ConfigLayer
                0x080020b0       0xc0 ./Drivers/STM32H7xx_HAL_Driver/Src/stm32h7xx_hal_dma2d.o
                0x080020b0                HAL_DMA2D_ConfigLayer
 .text.HAL_GPIO_Init
                0x08002170      0x1d0 ./Drivers/STM32H7xx_HAL_Driver/Src/stm32h7xx_hal_gpio.o
                0x08002170                HAL_GPIO_Init
 .text.HAL_GPIO_ReadPin
                0x08002340        0xc ./Drivers/STM32H7xx_HAL_Driver/Src/stm32h7xx_hal_gpio.o
                0x08002340                HAL_GPIO_ReadPin
 .text.HAL_GPIO_WritePin
                0x0800234c        0xa ./Drivers/STM32H7xx_HAL_Driver/Src/stm32h7xx_hal_gpio.o
                0x0800234c                HAL_GPIO_WritePin
 .text.HAL_GPIO_EXTI_Callback
                0x08002356        0x2 ./Drivers/STM32H7xx_HAL_Driver/Src/stm32h7xx_hal_gpio.o
                0x08002356                HAL_GPIO_EXTI_Callback
 .text.HAL_GPIO_EXTI_IRQHandler
                0x08002358       0x18 ./Drivers/STM32H7xx_HAL_Driver/Src/stm32h7xx_hal_gpio.o
                0x08002358                HAL_GPIO_EXTI_IRQHandler
 .text.HAL_I2C_Init
                0x08002370       0xaa ./Drivers/STM32H7xx_HAL_Driver/Src/stm32h7xx_hal_i2c.o
                0x08002370                HAL_I2C_Init
 .text.HAL_I2CEx_ConfigAnalogFilter
                0x0800241a       0x4c ./Drivers/STM32H7xx_HAL_Driver/Src/stm32h7xx_hal_i2c_ex.o
                0x0800241a                HAL_I2CEx_ConfigAnalogFilter
 .text.HAL_I2CEx_ConfigDigitalFilter
                0x08002466       0x4a ./Drivers/STM32H7xx_HAL_Driver/Src/stm32h7xx_hal_i2c_ex.o
                0x08002466                HAL_I2CEx_ConfigDigitalFilter
 .text.LTDC_SetConfig
                0x080024b0       0xec ./Drivers/STM32H7xx_HAL_Driver/Src/stm32h7xx_hal_ltdc.o
 .text.HAL_LTDC_Init
                0x0800259c       0xaa ./Drivers/STM32H7xx_HAL_Driver/Src/stm32h7xx_hal_ltdc.o
                0x0800259c                HAL_LTDC_Init
 .text.HAL_LTDC_ErrorCallback
                0x08002646        0x2 ./Drivers/STM32H7xx_HAL_Driver/Src/stm32h7xx_hal_ltdc.o
                0x08002646                HAL_LTDC_ErrorCallback
 .text.HAL_LTDC_LineEventCallback
                0x08002648        0x2 ./Drivers/STM32H7xx_HAL_Driver/Src/stm32h7xx_hal_ltdc.o
                0x08002648                HAL_LTDC_LineEventCallback
 .text.HAL_LTDC_ReloadEventCallback
                0x0800264a        0x2 ./Drivers/STM32H7xx_HAL_Driver/Src/stm32h7xx_hal_ltdc.o
                0x0800264a                HAL_LTDC_ReloadEventCallback
 .text.HAL_LTDC_IRQHandler
                0x0800264c       0xba ./Drivers/STM32H7xx_HAL_Driver/Src/stm32h7xx_hal_ltdc.o
                0x0800264c                HAL_LTDC_IRQHandler
 .text.HAL_LTDC_ConfigLayer
                0x08002706       0x5a ./Drivers/STM32H7xx_HAL_Driver/Src/stm32h7xx_hal_ltdc.o
                0x08002706                HAL_LTDC_ConfigLayer
 .text.HAL_PWREx_ConfigSupply
                0x08002760       0x48 ./Drivers/STM32H7xx_HAL_Driver/Src/stm32h7xx_hal_pwr_ex.o
                0x08002760                HAL_PWREx_ConfigSupply
 .text.HAL_RCC_OscConfig
                0x080027a8      0x550 ./Drivers/STM32H7xx_HAL_Driver/Src/stm32h7xx_hal_rcc.o
                0x080027a8                HAL_RCC_OscConfig
 .text.HAL_RCC_GetSysClockFreq
                0x08002cf8      0x144 ./Drivers/STM32H7xx_HAL_Driver/Src/stm32h7xx_hal_rcc.o
                0x08002cf8                HAL_RCC_GetSysClockFreq
 .text.HAL_RCC_ClockConfig
                0x08002e3c      0x24c ./Drivers/STM32H7xx_HAL_Driver/Src/stm32h7xx_hal_rcc.o
                0x08002e3c                HAL_RCC_ClockConfig
 .text.HAL_RCC_GetHCLKFreq
                0x08003088       0x44 ./Drivers/STM32H7xx_HAL_Driver/Src/stm32h7xx_hal_rcc.o
                0x08003088                HAL_RCC_GetHCLKFreq
 .text.HAL_RCC_GetPCLK1Freq
                0x080030cc       0x24 ./Drivers/STM32H7xx_HAL_Driver/Src/stm32h7xx_hal_rcc.o
                0x080030cc                HAL_RCC_GetPCLK1Freq
 .text.HAL_RCC_GetPCLK2Freq
                0x080030f0       0x24 ./Drivers/STM32H7xx_HAL_Driver/Src/stm32h7xx_hal_rcc.o
                0x080030f0                HAL_RCC_GetPCLK2Freq
 .text.RCCEx_PLL2_Config
                0x08003114       0xec ./Drivers/STM32H7xx_HAL_Driver/Src/stm32h7xx_hal_rcc_ex.o
 .text.RCCEx_PLL3_Config
                0x08003200       0xec ./Drivers/STM32H7xx_HAL_Driver/Src/stm32h7xx_hal_rcc_ex.o
 .text.HAL_RCCEx_PeriphCLKConfig
                0x080032ec      0x9cc ./Drivers/STM32H7xx_HAL_Driver/Src/stm32h7xx_hal_rcc_ex.o
                0x080032ec                HAL_RCCEx_PeriphCLKConfig
 .text.HAL_RCCEx_GetD3PCLK1Freq
                0x08003cb8       0x24 ./Drivers/STM32H7xx_HAL_Driver/Src/stm32h7xx_hal_rcc_ex.o
                0x08003cb8                HAL_RCCEx_GetD3PCLK1Freq
 .text.HAL_RCCEx_GetPLL2ClockFreq
                0x08003cdc      0x154 ./Drivers/STM32H7xx_HAL_Driver/Src/stm32h7xx_hal_rcc_ex.o
                0x08003cdc                HAL_RCCEx_GetPLL2ClockFreq
 .text.HAL_RCCEx_GetPLL3ClockFreq
                0x08003e30      0x154 ./Drivers/STM32H7xx_HAL_Driver/Src/stm32h7xx_hal_rcc_ex.o
                0x08003e30                HAL_RCCEx_GetPLL3ClockFreq
 .text.HAL_SDRAM_Init
                0x08003f84       0x50 ./Drivers/STM32H7xx_HAL_Driver/Src/stm32h7xx_hal_sdram.o
                0x08003f84                HAL_SDRAM_Init
 .text.HAL_SDRAM_SendCommand
                0x08003fd4       0x3e ./Drivers/STM32H7xx_HAL_Driver/Src/stm32h7xx_hal_sdram.o
                0x08003fd4                HAL_SDRAM_SendCommand
 .text.HAL_SDRAM_ProgramRefreshRate
                0x08004012       0x30 ./Drivers/STM32H7xx_HAL_Driver/Src/stm32h7xx_hal_sdram.o
                0x08004012                HAL_SDRAM_ProgramRefreshRate
 *fill*         0x08004042        0x2 
 .text.TIM_OC1_SetConfig
                0x08004044       0x74 ./Drivers/STM32H7xx_HAL_Driver/Src/stm32h7xx_hal_tim.o
 .text.TIM_OC3_SetConfig
                0x080040b8       0x80 ./Drivers/STM32H7xx_HAL_Driver/Src/stm32h7xx_hal_tim.o
 .text.TIM_OC4_SetConfig
                0x08004138       0x68 ./Drivers/STM32H7xx_HAL_Driver/Src/stm32h7xx_hal_tim.o
 .text.TIM_OC5_SetConfig
                0x080041a0       0x68 ./Drivers/STM32H7xx_HAL_Driver/Src/stm32h7xx_hal_tim.o
 .text.TIM_OC6_SetConfig
                0x08004208       0x68 ./Drivers/STM32H7xx_HAL_Driver/Src/stm32h7xx_hal_tim.o
 .text.TIM_Base_SetConfig
                0x08004270       0xa8 ./Drivers/STM32H7xx_HAL_Driver/Src/stm32h7xx_hal_tim.o
                0x08004270                TIM_Base_SetConfig
 .text.HAL_TIM_PWM_Init
                0x08004318       0x60 ./Drivers/STM32H7xx_HAL_Driver/Src/stm32h7xx_hal_tim.o
                0x08004318                HAL_TIM_PWM_Init
 .text.TIM_OC2_SetConfig
                0x08004378       0x80 ./Drivers/STM32H7xx_HAL_Driver/Src/stm32h7xx_hal_tim.o
                0x08004378                TIM_OC2_SetConfig
 .text.HAL_TIM_PWM_ConfigChannel
                0x080043f8       0xf8 ./Drivers/STM32H7xx_HAL_Driver/Src/stm32h7xx_hal_tim.o
                0x080043f8                HAL_TIM_PWM_ConfigChannel
 .text.HAL_TIMEx_MasterConfigSynchronization
                0x080044f0       0x94 ./Drivers/STM32H7xx_HAL_Driver/Src/stm32h7xx_hal_tim_ex.o
                0x080044f0                HAL_TIMEx_MasterConfigSynchronization
 .text.UART_EndRxTransfer
                0x08004584       0x58 ./Drivers/STM32H7xx_HAL_Driver/Src/stm32h7xx_hal_uart.o
 .text.UART_SetConfig
                0x080045dc      0x2fc ./Drivers/STM32H7xx_HAL_Driver/Src/stm32h7xx_hal_uart.o
                0x080045dc                UART_SetConfig
 .text.UART_AdvFeatureConfig
                0x080048d8       0xaa ./Drivers/STM32H7xx_HAL_Driver/Src/stm32h7xx_hal_uart.o
                0x080048d8                UART_AdvFeatureConfig
 .text.UART_WaitOnFlagUntilTimeout
                0x08004982       0x90 ./Drivers/STM32H7xx_HAL_Driver/Src/stm32h7xx_hal_uart.o
                0x08004982                UART_WaitOnFlagUntilTimeout
 .text.UART_CheckIdleState
                0x08004a12       0xb6 ./Drivers/STM32H7xx_HAL_Driver/Src/stm32h7xx_hal_uart.o
                0x08004a12                UART_CheckIdleState
 .text.HAL_UART_Init
                0x08004ac8       0x60 ./Drivers/STM32H7xx_HAL_Driver/Src/stm32h7xx_hal_uart.o
                0x08004ac8                HAL_UART_Init
 .text.UARTEx_SetNbDataToProcess
                0x08004b28       0x44 ./Drivers/STM32H7xx_HAL_Driver/Src/stm32h7xx_hal_uart_ex.o
 .text.HAL_UARTEx_DisableFifoMode
                0x08004b6c       0x36 ./Drivers/STM32H7xx_HAL_Driver/Src/stm32h7xx_hal_uart_ex.o
                0x08004b6c                HAL_UARTEx_DisableFifoMode
 .text.HAL_UARTEx_SetTxFifoThreshold
                0x08004ba2       0x40 ./Drivers/STM32H7xx_HAL_Driver/Src/stm32h7xx_hal_uart_ex.o
                0x08004ba2                HAL_UARTEx_SetTxFifoThreshold
 .text.HAL_UARTEx_SetRxFifoThreshold
                0x08004be2       0x40 ./Drivers/STM32H7xx_HAL_Driver/Src/stm32h7xx_hal_uart_ex.o
                0x08004be2                HAL_UARTEx_SetRxFifoThreshold
 .text.FMC_SDRAM_Init
                0x08004c22       0x6c ./Drivers/STM32H7xx_HAL_Driver/Src/stm32h7xx_ll_fmc.o
                0x08004c22                FMC_SDRAM_Init
 .text.FMC_SDRAM_Timing_Init
                0x08004c8e       0x6c ./Drivers/STM32H7xx_HAL_Driver/Src/stm32h7xx_ll_fmc.o
                0x08004c8e                FMC_SDRAM_Timing_Init
 .text.FMC_SDRAM_SendCommand
                0x08004cfa       0x24 ./Drivers/STM32H7xx_HAL_Driver/Src/stm32h7xx_ll_fmc.o
                0x08004cfa                FMC_SDRAM_SendCommand
 .text.FMC_SDRAM_ProgramRefreshRate
                0x08004d1e       0x10 ./Drivers/STM32H7xx_HAL_Driver/Src/stm32h7xx_ll_fmc.o
                0x08004d1e                FMC_SDRAM_ProgramRefreshRate
 .text._ZNK8touchgfx4Font8getGlyphEt
                0x08004d2e       0x20 ./TouchGFX/generated/fonts/src/CachedFont.o
                0x08004d2e                touchgfx::Font::getGlyph(unsigned short) const
 .text._ZNK8touchgfx4Font15getFallbackCharEv
                0x08004d4e        0x4 ./TouchGFX/generated/fonts/src/CachedFont.o
                0x08004d4e                touchgfx::Font::getFallbackChar() const
 .text._ZNK8touchgfx4Font15getEllipsisCharEv
                0x08004d52        0x4 ./TouchGFX/generated/fonts/src/CachedFont.o
                0x08004d52                touchgfx::Font::getEllipsisChar() const
 .text._ZNK8touchgfx4Font11getBaselineEv
                0x08004d56        0x4 ./TouchGFX/generated/fonts/src/CachedFont.o
                0x08004d56                touchgfx::Font::getBaseline() const
 .text._ZNK8touchgfx4Font9getHeightEv
                0x08004d5a        0x4 ./TouchGFX/generated/fonts/src/CachedFont.o
                0x08004d5a                touchgfx::Font::getHeight() const
 .text._ZNK8touchgfx4Font15getBitsPerPixelEv
                0x08004d5e        0x8 ./TouchGFX/generated/fonts/src/CachedFont.o
                0x08004d5e                touchgfx::Font::getBitsPerPixel() const
 .text._ZNK8touchgfx4Font15getByteAlignRowEv
                0x08004d66        0x6 ./TouchGFX/generated/fonts/src/CachedFont.o
                0x08004d66                touchgfx::Font::getByteAlignRow() const
 .text._ZNK8touchgfx4Font17isVectorBasedFontEv
                0x08004d6c        0x4 ./TouchGFX/generated/fonts/src/CachedFont.o
                0x08004d6c                touchgfx::Font::isVectorBasedFont() const
 .text._ZNK8touchgfx4Font14getScaleFactorEv
                0x08004d70        0xc ./TouchGFX/generated/fonts/src/CachedFont.o
                0x08004d70                touchgfx::Font::getScaleFactor() const
 .text._ZNK8touchgfx13GeneratedFont12getGSUBTableEv
                0x08004d7c        0x4 ./TouchGFX/generated/fonts/src/GeneratedFont.o
                0x08004d7c                touchgfx::GeneratedFont::getGSUBTable() const
 .text._ZNK8touchgfx13GeneratedFont23getContextualFormsTableEv
                0x08004d80        0x4 ./TouchGFX/generated/fonts/src/GeneratedFont.o
                0x08004d80                touchgfx::GeneratedFont::getContextualFormsTable() const
 .text._ZN8touchgfx13GeneratedFontD2Ev
                0x08004d84        0x2 ./TouchGFX/generated/fonts/src/GeneratedFont.o
                0x08004d84                touchgfx::GeneratedFont::~GeneratedFont()
                0x08004d84                touchgfx::GeneratedFont::~GeneratedFont()
 .text._ZNK8touchgfx13GeneratedFont12getPixelDataEPKNS_9GlyphNodeE
                0x08004d86       0x1a ./TouchGFX/generated/fonts/src/GeneratedFont.o
                0x08004d86                touchgfx::GeneratedFont::getPixelData(touchgfx::GlyphNode const*) const
 .text._ZNK8touchgfx13GeneratedFont10getKerningEtPKNS_9GlyphNodeE
                0x08004da0       0x3a ./TouchGFX/generated/fonts/src/GeneratedFont.o
                0x08004da0                touchgfx::GeneratedFont::getKerning(unsigned short, touchgfx::GlyphNode const*) const
 .text._ZN8touchgfx13GeneratedFontD0Ev
                0x08004dda        0xe ./TouchGFX/generated/fonts/src/GeneratedFont.o
                0x08004dda                touchgfx::GeneratedFont::~GeneratedFont()
 .text._ZN8touchgfx13GeneratedFontC2EPKNS_9GlyphNodeEttthhhhhhPKPKhPKNS_11KerningNodeEttPKtPKNS_24FontContextualFormsTableE
                0x08004de8       0x60 ./TouchGFX/generated/fonts/src/GeneratedFont.o
                0x08004de8                touchgfx::GeneratedFont::GeneratedFont(touchgfx::GlyphNode const*, unsigned short, unsigned short, unsigned short, unsigned char, unsigned char, unsigned char, unsigned char, unsigned char, unsigned char, unsigned char const* const*, touchgfx::KerningNode const*, unsigned short, unsigned short, unsigned short const*, touchgfx::FontContextualFormsTable const*)
                0x08004de8                touchgfx::GeneratedFont::GeneratedFont(touchgfx::GlyphNode const*, unsigned short, unsigned short, unsigned short, unsigned char, unsigned char, unsigned char, unsigned char, unsigned char, unsigned char, unsigned char const* const*, touchgfx::KerningNode const*, unsigned short, unsigned short, unsigned short const*, touchgfx::FontContextualFormsTable const*)
 .text.__tcf_0  0x08004e48        0x2 ./TouchGFX/generated/fonts/src/Table_Asap_Regular_24_4bpp.o
 *fill*         0x08004e4a        0x2 
 .text._Z28getFont_Asap_Regular_24_4bppv
                0x08004e4c       0x74 ./TouchGFX/generated/fonts/src/Table_Asap_Regular_24_4bpp.o
                0x08004e4c                getFont_Asap_Regular_24_4bpp()
 .text._ZNK8touchgfx4Font12getGSUBTableEv
                0x08004ec0        0x4 ./TouchGFX/generated/texts/src/Texts.o
                0x08004ec0                touchgfx::Font::getGSUBTable() const
 .text._ZNK8touchgfx4Font23getContextualFormsTableEv
                0x08004ec4        0x4 ./TouchGFX/generated/texts/src/Texts.o
                0x08004ec4                touchgfx::Font::getContextualFormsTable() const
 .text._ZNK8touchgfx4Font14getStringWidthEPKtz
                0x08004ec8       0x1c ./TouchGFX/generated/texts/src/Texts.o
                0x08004ec8                touchgfx::Font::getStringWidth(unsigned short const*, ...) const
 .text._ZNK8touchgfx4Font14getStringWidthEhPKtz
                0x08004ee4       0x1a ./TouchGFX/generated/texts/src/Texts.o
                0x08004ee4                touchgfx::Font::getStringWidth(unsigned char, unsigned short const*, ...) const
 *fill*         0x08004efe        0x2 
 .text._ZN8touchgfx12TextProvider15getNextLigatureEh
                0x08004f00       0x84 ./TouchGFX/generated/texts/src/Texts.o
                0x08004f00                touchgfx::TextProvider::getNextLigature(unsigned char)
 .text._ZN8touchgfx12TextProvider18initializeInternalEv
                0x08004f84        0x4 ./TouchGFX/generated/texts/src/Texts.o
                0x08004f84                touchgfx::TextProvider::initializeInternal()
 .text.startup._GLOBAL__sub_I_touchgfx_fonts
                0x08004f88       0x10 ./TouchGFX/generated/texts/src/TypedTextDatabase.o
 .text.startup._GLOBAL__sub_I__ZN8touchgfx3LCD12defaultColorE
                0x08004f98        0xc C:\Users\Butch\STM32CubeIDE\Waveshare\OpenH743I-C_TouchGfx\Middlewares\ST\touchgfx\lib\core\cortex_m7\gcc\libtouchgfx-float-abi-hard.a(LCD.o)
 .text.startup._GLOBAL__sub_I__ZN8touchgfx11Application8instanceE
                0x08004fa4       0x14 C:\Users\Butch\STM32CubeIDE\Waveshare\OpenH743I-C_TouchGfx\Middlewares\ST\touchgfx\lib\core\cortex_m7\gcc\libtouchgfx-float-abi-hard.a(Application.o)
 .text._ZNK8touchgfx4Font17getStringWidthLTREhPKtSt9__va_list
                0x08004fb8       0xa4 C:\Users\Butch\STM32CubeIDE\Waveshare\OpenH743I-C_TouchGfx\Middlewares\ST\touchgfx\lib\core\cortex_m7\gcc\libtouchgfx-float-abi-hard.a(Font.o)
                0x08004fb8                touchgfx::Font::getStringWidthLTR(unsigned char, unsigned short const*, std::__va_list) const
 .text._ZNK8touchgfx4Font12getCharWidthEt
                0x0800505c       0x18 C:\Users\Butch\STM32CubeIDE\Waveshare\OpenH743I-C_TouchGfx\Middlewares\ST\touchgfx\lib\core\cortex_m7\gcc\libtouchgfx-float-abi-hard.a(Font.o)
                0x0800505c                touchgfx::Font::getCharWidth(unsigned short) const
 .text._ZNK8touchgfx4Font16getMaxTextHeightEPKtz
                0x08005074       0x9a C:\Users\Butch\STM32CubeIDE\Waveshare\OpenH743I-C_TouchGfx\Middlewares\ST\touchgfx\lib\core\cortex_m7\gcc\libtouchgfx-float-abi-hard.a(Font.o)
                0x08005074                touchgfx::Font::getMaxTextHeight(unsigned short const*, ...) const
 .text._ZNK8touchgfx4Font20getMinimumTextHeightEv
                0x0800510e        0xa C:\Users\Butch\STM32CubeIDE\Waveshare\OpenH743I-C_TouchGfx\Middlewares\ST\touchgfx\lib\core\cortex_m7\gcc\libtouchgfx-float-abi-hard.a(Font.o)
                0x0800510e                touchgfx::Font::getMinimumTextHeight() const
 .text._ZNK8touchgfx4Font13getFontHeightEv
                0x08005118        0x6 C:\Users\Butch\STM32CubeIDE\Waveshare\OpenH743I-C_TouchGfx\Middlewares\ST\touchgfx\lib\core\cortex_m7\gcc\libtouchgfx-float-abi-hard.a(Font.o)
                0x08005118                touchgfx::Font::getFontHeight() const
 .text._ZNK8touchgfx4Font16getNumberOfLinesEPKtz
                0x0800511e       0x5e C:\Users\Butch\STM32CubeIDE\Waveshare\OpenH743I-C_TouchGfx\Middlewares\ST\touchgfx\lib\core\cortex_m7\gcc\libtouchgfx-float-abi-hard.a(Font.o)
                0x0800511e                touchgfx::Font::getNumberOfLines(unsigned short const*, ...) const
 .text._ZNK8touchgfx4Font15getSpacingAboveEPKtz
                0x0800517c       0x92 C:\Users\Butch\STM32CubeIDE\Waveshare\OpenH743I-C_TouchGfx\Middlewares\ST\touchgfx\lib\core\cortex_m7\gcc\libtouchgfx-float-abi-hard.a(Font.o)
                0x0800517c                touchgfx::Font::getSpacingAbove(unsigned short const*, ...) const
 *fill*         0x0800520e        0x2 
 .text._ZN8touchgfx9ConstFontC2EPKNS_9GlyphNodeEttthhhhhhtt
                0x08005210       0x50 C:\Users\Butch\STM32CubeIDE\Waveshare\OpenH743I-C_TouchGfx\Middlewares\ST\touchgfx\lib\core\cortex_m7\gcc\libtouchgfx-float-abi-hard.a(ConstFont.o)
                0x08005210                touchgfx::ConstFont::ConstFont(touchgfx::GlyphNode const*, unsigned short, unsigned short, unsigned short, unsigned char, unsigned char, unsigned char, unsigned char, unsigned char, unsigned char, unsigned short, unsigned short)
                0x08005210                touchgfx::ConstFont::ConstFont(touchgfx::GlyphNode const*, unsigned short, unsigned short, unsigned short, unsigned char, unsigned char, unsigned char, unsigned char, unsigned char, unsigned char, unsigned short, unsigned short)
 .text._ZNK8touchgfx9ConstFont4findEt
                0x08005260       0x7a C:\Users\Butch\STM32CubeIDE\Waveshare\OpenH743I-C_TouchGfx\Middlewares\ST\touchgfx\lib\core\cortex_m7\gcc\libtouchgfx-float-abi-hard.a(ConstFont.o)
                0x08005260                touchgfx::ConstFont::find(unsigned short) const
 .text._ZNK8touchgfx9ConstFont8getGlyphEtRPKhRh
                0x080052da       0x5a C:\Users\Butch\STM32CubeIDE\Waveshare\OpenH743I-C_TouchGfx\Middlewares\ST\touchgfx\lib\core\cortex_m7\gcc\libtouchgfx-float-abi-hard.a(ConstFont.o)
                0x080052da                touchgfx::ConstFont::getGlyph(unsigned short, unsigned char const*&, unsigned char&) const
 .text._ZN8touchgfx12TextProviderC2Ev
                0x08005334       0x4e C:\Users\Butch\STM32CubeIDE\Waveshare\OpenH743I-C_TouchGfx\Middlewares\ST\touchgfx\lib\core\cortex_m7\gcc\libtouchgfx-float-abi-hard.a(TextProvider.o)
                0x08005334                touchgfx::TextProvider::TextProvider()
                0x08005334                touchgfx::TextProvider::TextProvider()
 .text._ZN8touchgfx12TextProvider19getNextCharInternalEv
                0x08005382       0x58 C:\Users\Butch\STM32CubeIDE\Waveshare\OpenH743I-C_TouchGfx\Middlewares\ST\touchgfx\lib\core\cortex_m7\gcc\libtouchgfx-float-abi-hard.a(TextProvider.o)
                0x08005382                touchgfx::TextProvider::getNextCharInternal()
 .text._ZN8touchgfx12TextProvider10initializeEPKtSt9__va_listS2_PKNS_24FontContextualFormsTableE
                0x080053da       0x2a C:\Users\Butch\STM32CubeIDE\Waveshare\OpenH743I-C_TouchGfx\Middlewares\ST\touchgfx\lib\core\cortex_m7\gcc\libtouchgfx-float-abi-hard.a(TextProvider.o)
                0x080053da                touchgfx::TextProvider::initialize(unsigned short const*, std::__va_list, unsigned short const*, touchgfx::FontContextualFormsTable const*)
 .text._ZN8touchgfx12TextProvider16adjustHindiGlyphEPKNS_9GlyphNodeE
                0x08005404       0x48 C:\Users\Butch\STM32CubeIDE\Waveshare\OpenH743I-C_TouchGfx\Middlewares\ST\touchgfx\lib\core\cortex_m7\gcc\libtouchgfx-float-abi-hard.a(TextProvider.o)
                0x08005404                touchgfx::TextProvider::adjustHindiGlyph(touchgfx::GlyphNode const*)
 .text._ZNK8touchgfx12TextProvider15thaiLookupGlyphEPKNS_9GlyphNodeEPKNS_4FontEt
                0x0800544c       0x16 C:\Users\Butch\STM32CubeIDE\Waveshare\OpenH743I-C_TouchGfx\Middlewares\ST\touchgfx\lib\core\cortex_m7\gcc\libtouchgfx-float-abi-hard.a(TextProvider.o)
                0x0800544c                touchgfx::TextProvider::thaiLookupGlyph(touchgfx::GlyphNode const*, touchgfx::Font const*, unsigned short) const
 *fill*         0x08005462        0x2 
 .text._ZN8touchgfx12TextProvider15adjustThaiGlyphEPKNS_4FontEPKNS_9GlyphNodeE
                0x08005464      0x274 C:\Users\Butch\STM32CubeIDE\Waveshare\OpenH743I-C_TouchGfx\Middlewares\ST\touchgfx\lib\core\cortex_m7\gcc\libtouchgfx-float-abi-hard.a(TextProvider.o)
                0x08005464                touchgfx::TextProvider::adjustThaiGlyph(touchgfx::Font const*, touchgfx::GlyphNode const*)
 .text._ZN8touchgfx12TextProvider17adjustArabicGlyphEPKNS_4FontEPKNS_9GlyphNodeEt
                0x080056d8      0x348 C:\Users\Butch\STM32CubeIDE\Waveshare\OpenH743I-C_TouchGfx\Middlewares\ST\touchgfx\lib\core\cortex_m7\gcc\libtouchgfx-float-abi-hard.a(TextProvider.o)
                0x080056d8                touchgfx::TextProvider::adjustArabicGlyph(touchgfx::Font const*, touchgfx::GlyphNode const*, unsigned short)
 .text._ZN8touchgfx12TextProvider15getNextLigatureEhPKNS_4FontERPKNS_9GlyphNodeE
                0x08005a20       0x92 C:\Users\Butch\STM32CubeIDE\Waveshare\OpenH743I-C_TouchGfx\Middlewares\ST\touchgfx\lib\core\cortex_m7\gcc\libtouchgfx-float-abi-hard.a(TextProvider.o)
                0x08005a20                touchgfx::TextProvider::getNextLigature(unsigned char, touchgfx::Font const*, touchgfx::GlyphNode const*&)
 .text._ZN8touchgfx12TextProvider15fillInputBufferEv
                0x08005ab2       0x6e C:\Users\Butch\STM32CubeIDE\Waveshare\OpenH743I-C_TouchGfx\Middlewares\ST\touchgfx\lib\core\cortex_m7\gcc\libtouchgfx-float-abi-hard.a(TextProvider.o)
                0x08005ab2                touchgfx::TextProvider::fillInputBuffer()
 .text._ZN8touchgfx12TextProvider11getNextCharEv
                0x08005b20       0x48 C:\Users\Butch\STM32CubeIDE\Waveshare\OpenH743I-C_TouchGfx\Middlewares\ST\touchgfx\lib\core\cortex_m7\gcc\libtouchgfx-float-abi-hard.a(TextProvider.o)
                0x08005b20                touchgfx::TextProvider::getNextChar()
 .text._ZN8touchgfx12TextProvider22replaceInputCharactersEttPKt
                0x08005b68       0xb2 C:\Users\Butch\STM32CubeIDE\Waveshare\OpenH743I-C_TouchGfx\Middlewares\ST\touchgfx\lib\core\cortex_m7\gcc\libtouchgfx-float-abi-hard.a(TextProvider.o)
                0x08005b68                touchgfx::TextProvider::replaceInputCharacters(unsigned short, unsigned short, unsigned short const*)
 .text._ZN8touchgfx12TextProvider13gsubRuleMatchEPKtttt
                0x08005c1a       0x5e C:\Users\Butch\STM32CubeIDE\Waveshare\OpenH743I-C_TouchGfx\Middlewares\ST\touchgfx\lib\core\cortex_m7\gcc\libtouchgfx-float-abi-hard.a(TextProvider.o)
                0x08005c1a                touchgfx::TextProvider::gsubRuleMatch(unsigned short const*, unsigned short, unsigned short, unsigned short)
 .text._ZN8touchgfx12TextProvider14applyGsubRulesEPKtt
                0x08005c78       0x68 C:\Users\Butch\STM32CubeIDE\Waveshare\OpenH743I-C_TouchGfx\Middlewares\ST\touchgfx\lib\core\cortex_m7\gcc\libtouchgfx-float-abi-hard.a(TextProvider.o)
                0x08005c78                touchgfx::TextProvider::applyGsubRules(unsigned short const*, unsigned short)
 .text._ZNK8touchgfx12TextProvider21gsubTableBinarySearchEtPKtt
                0x08005ce0       0x3c C:\Users\Butch\STM32CubeIDE\Waveshare\OpenH743I-C_TouchGfx\Middlewares\ST\touchgfx\lib\core\cortex_m7\gcc\libtouchgfx-float-abi-hard.a(TextProvider.o)
                0x08005ce0                touchgfx::TextProvider::gsubTableBinarySearch(unsigned short, unsigned short const*, unsigned short) const
 .text._ZN8touchgfx12TextProvider16substituteGlyphsEv
                0x08005d1c       0x3e C:\Users\Butch\STM32CubeIDE\Waveshare\OpenH743I-C_TouchGfx\Middlewares\ST\touchgfx\lib\core\cortex_m7\gcc\libtouchgfx-float-abi-hard.a(TextProvider.o)
                0x08005d1c                touchgfx::TextProvider::substituteGlyphs()
 .text._ZdlPvj  0x08005d5a        0x4 C:/ST/STM32CubeIDE_1.18.0/STM32CubeIDE/plugins/com.st.stm32cube.ide.mcu.externaltools.gnu-tools-for-stm32.13.3.rel1.win32_1.0.0.202411081344/tools/bin/../lib/gcc/arm-none-eabi/13.3.1/../../../../arm-none-eabi/lib/thumb/v7e-m+dp/hard\libstdc++_nano.a(del_ops.o)
                0x08005d5a                operator delete(void*, unsigned int)
 .text.__cxa_guard_acquire
                0x08005d5e       0x18 C:/ST/STM32CubeIDE_1.18.0/STM32CubeIDE/plugins/com.st.stm32cube.ide.mcu.externaltools.gnu-tools-for-stm32.13.3.rel1.win32_1.0.0.202411081344/tools/bin/../lib/gcc/arm-none-eabi/13.3.1/../../../../arm-none-eabi/lib/thumb/v7e-m+dp/hard\libstdc++_nano.a(guard.o)
                0x08005d5e                __cxa_guard_acquire
 .text.__cxa_guard_release
                0x08005d76        0x6 C:/ST/STM32CubeIDE_1.18.0/STM32CubeIDE/plugins/com.st.stm32cube.ide.mcu.externaltools.gnu-tools-for-stm32.13.3.rel1.win32_1.0.0.202411081344/tools/bin/../lib/gcc/arm-none-eabi/13.3.1/../../../../arm-none-eabi/lib/thumb/v7e-m+dp/hard\libstdc++_nano.a(guard.o)
                0x08005d76                __cxa_guard_release
 .text.__cxa_pure_virtual
                0x08005d7c        0x6 C:/ST/STM32CubeIDE_1.18.0/STM32CubeIDE/plugins/com.st.stm32cube.ide.mcu.externaltools.gnu-tools-for-stm32.13.3.rel1.win32_1.0.0.202411081344/tools/bin/../lib/gcc/arm-none-eabi/13.3.1/../../../../arm-none-eabi/lib/thumb/v7e-m+dp/hard\libstdc++_nano.a(pure.o)
                0x08005d7c                __cxa_pure_virtual
 .text._ZdlPv   0x08005d82        0x4 C:/ST/STM32CubeIDE_1.18.0/STM32CubeIDE/plugins/com.st.stm32cube.ide.mcu.externaltools.gnu-tools-for-stm32.13.3.rel1.win32_1.0.0.202411081344/tools/bin/../lib/gcc/arm-none-eabi/13.3.1/../../../../arm-none-eabi/lib/thumb/v7e-m+dp/hard\libstdc++_nano.a(del_op.o)
                0x08005d82                operator delete(void*)
 .text._ZN10__cxxabiv111__terminateEPFvvE
                0x08005d86        0x8 C:/ST/STM32CubeIDE_1.18.0/STM32CubeIDE/plugins/com.st.stm32cube.ide.mcu.externaltools.gnu-tools-for-stm32.13.3.rel1.win32_1.0.0.202411081344/tools/bin/../lib/gcc/arm-none-eabi/13.3.1/../../../../arm-none-eabi/lib/thumb/v7e-m+dp/hard\libstdc++_nano.a(eh_terminate.o)
                0x08005d86                __cxxabiv1::__terminate(void (*)())
 *fill*         0x08005d8e        0x2 
 .text._ZSt13get_terminatev
                0x08005d90       0x10 C:/ST/STM32CubeIDE_1.18.0/STM32CubeIDE/plugins/com.st.stm32cube.ide.mcu.externaltools.gnu-tools-for-stm32.13.3.rel1.win32_1.0.0.202411081344/tools/bin/../lib/gcc/arm-none-eabi/13.3.1/../../../../arm-none-eabi/lib/thumb/v7e-m+dp/hard\libstdc++_nano.a(eh_terminate.o)
                0x08005d90                std::get_terminate()
 .text._ZSt9terminatev
                0x08005da0        0xa C:/ST/STM32CubeIDE_1.18.0/STM32CubeIDE/plugins/com.st.stm32cube.ide.mcu.externaltools.gnu-tools-for-stm32.13.3.rel1.win32_1.0.0.202411081344/tools/bin/../lib/gcc/arm-none-eabi/13.3.1/../../../../arm-none-eabi/lib/thumb/v7e-m+dp/hard\libstdc++_nano.a(eh_terminate.o)
                0x08005da0                std::terminate()
 .text.abort    0x08005daa        0xe C:/ST/STM32CubeIDE_1.18.0/STM32CubeIDE/plugins/com.st.stm32cube.ide.mcu.externaltools.gnu-tools-for-stm32.13.3.rel1.win32_1.0.0.202411081344/tools/bin/../lib/gcc/arm-none-eabi/13.3.1/../../../../arm-none-eabi/lib/thumb/v7e-m+dp/hard\libc_nano.a(libc_a-abort.o)
                0x08005daa                abort
 .text.__assert_func
                0x08005db8       0x3c C:/ST/STM32CubeIDE_1.18.0/STM32CubeIDE/plugins/com.st.stm32cube.ide.mcu.externaltools.gnu-tools-for-stm32.13.3.rel1.win32_1.0.0.202411081344/tools/bin/../lib/gcc/arm-none-eabi/13.3.1/../../../../arm-none-eabi/lib/thumb/v7e-m+dp/hard\libc_nano.a(libc_a-assert.o)
                0x08005db8                __assert_func
 .text.atexit   0x08005df4        0xc C:/ST/STM32CubeIDE_1.18.0/STM32CubeIDE/plugins/com.st.stm32cube.ide.mcu.externaltools.gnu-tools-for-stm32.13.3.rel1.win32_1.0.0.202411081344/tools/bin/../lib/gcc/arm-none-eabi/13.3.1/../../../../arm-none-eabi/lib/thumb/v7e-m+dp/hard\libc_nano.a(libc_a-atexit.o)
                0x08005df4                atexit
 .text.malloc   0x08005e00       0x10 C:/ST/STM32CubeIDE_1.18.0/STM32CubeIDE/plugins/com.st.stm32cube.ide.mcu.externaltools.gnu-tools-for-stm32.13.3.rel1.win32_1.0.0.202411081344/tools/bin/../lib/gcc/arm-none-eabi/13.3.1/../../../../arm-none-eabi/lib/thumb/v7e-m+dp/hard\libc_nano.a(libc_a-malloc.o)
                0x08005e00                malloc
 .text.free     0x08005e10       0x10 C:/ST/STM32CubeIDE_1.18.0/STM32CubeIDE/plugins/com.st.stm32cube.ide.mcu.externaltools.gnu-tools-for-stm32.13.3.rel1.win32_1.0.0.202411081344/tools/bin/../lib/gcc/arm-none-eabi/13.3.1/../../../../arm-none-eabi/lib/thumb/v7e-m+dp/hard\libc_nano.a(libc_a-malloc.o)
                0x08005e10                free
 .text.sbrk_aligned
                0x08005e20       0x44 C:/ST/STM32CubeIDE_1.18.0/STM32CubeIDE/plugins/com.st.stm32cube.ide.mcu.externaltools.gnu-tools-for-stm32.13.3.rel1.win32_1.0.0.202411081344/tools/bin/../lib/gcc/arm-none-eabi/13.3.1/../../../../arm-none-eabi/lib/thumb/v7e-m+dp/hard\libc_nano.a(libc_a-mallocr.o)
 .text._malloc_r
                0x08005e64      0x100 C:/ST/STM32CubeIDE_1.18.0/STM32CubeIDE/plugins/com.st.stm32cube.ide.mcu.externaltools.gnu-tools-for-stm32.13.3.rel1.win32_1.0.0.202411081344/tools/bin/../lib/gcc/arm-none-eabi/13.3.1/../../../../arm-none-eabi/lib/thumb/v7e-m+dp/hard\libc_nano.a(libc_a-mallocr.o)
                0x08005e64                _malloc_r
 .text.__malloc_lock
                0x08005f64        0xc C:/ST/STM32CubeIDE_1.18.0/STM32CubeIDE/plugins/com.st.stm32cube.ide.mcu.externaltools.gnu-tools-for-stm32.13.3.rel1.win32_1.0.0.202411081344/tools/bin/../lib/gcc/arm-none-eabi/13.3.1/../../../../arm-none-eabi/lib/thumb/v7e-m+dp/hard\libc_nano.a(libc_a-mlock.o)
                0x08005f64                __malloc_lock
 .text.__malloc_unlock
                0x08005f70        0xc C:/ST/STM32CubeIDE_1.18.0/STM32CubeIDE/plugins/com.st.stm32cube.ide.mcu.externaltools.gnu-tools-for-stm32.13.3.rel1.win32_1.0.0.202411081344/tools/bin/../lib/gcc/arm-none-eabi/13.3.1/../../../../arm-none-eabi/lib/thumb/v7e-m+dp/hard\libc_nano.a(libc_a-mlock.o)
                0x08005f70                __malloc_unlock
 .text.std      0x08005f7c       0x6c C:/ST/STM32CubeIDE_1.18.0/STM32CubeIDE/plugins/com.st.stm32cube.ide.mcu.externaltools.gnu-tools-for-stm32.13.3.rel1.win32_1.0.0.202411081344/tools/bin/../lib/gcc/arm-none-eabi/13.3.1/../../../../arm-none-eabi/lib/thumb/v7e-m+dp/hard\libc_nano.a(libc_a-findfp.o)
 .text.stdio_exit_handler
                0x08005fe8       0x18 C:/ST/STM32CubeIDE_1.18.0/STM32CubeIDE/plugins/com.st.stm32cube.ide.mcu.externaltools.gnu-tools-for-stm32.13.3.rel1.win32_1.0.0.202411081344/tools/bin/../lib/gcc/arm-none-eabi/13.3.1/../../../../arm-none-eabi/lib/thumb/v7e-m+dp/hard\libc_nano.a(libc_a-findfp.o)
 .text.cleanup_stdio
                0x08006000       0x40 C:/ST/STM32CubeIDE_1.18.0/STM32CubeIDE/plugins/com.st.stm32cube.ide.mcu.externaltools.gnu-tools-for-stm32.13.3.rel1.win32_1.0.0.202411081344/tools/bin/../lib/gcc/arm-none-eabi/13.3.1/../../../../arm-none-eabi/lib/thumb/v7e-m+dp/hard\libc_nano.a(libc_a-findfp.o)
 .text.global_stdio_init.part.0
                0x08006040       0x3c C:/ST/STM32CubeIDE_1.18.0/STM32CubeIDE/plugins/com.st.stm32cube.ide.mcu.externaltools.gnu-tools-for-stm32.13.3.rel1.win32_1.0.0.202411081344/tools/bin/../lib/gcc/arm-none-eabi/13.3.1/../../../../arm-none-eabi/lib/thumb/v7e-m+dp/hard\libc_nano.a(libc_a-findfp.o)
 .text.__sfp_lock_acquire
                0x0800607c        0xc C:/ST/STM32CubeIDE_1.18.0/STM32CubeIDE/plugins/com.st.stm32cube.ide.mcu.externaltools.gnu-tools-for-stm32.13.3.rel1.win32_1.0.0.202411081344/tools/bin/../lib/gcc/arm-none-eabi/13.3.1/../../../../arm-none-eabi/lib/thumb/v7e-m+dp/hard\libc_nano.a(libc_a-findfp.o)
                0x0800607c                __sfp_lock_acquire
 .text.__sfp_lock_release
                0x08006088        0xc C:/ST/STM32CubeIDE_1.18.0/STM32CubeIDE/plugins/com.st.stm32cube.ide.mcu.externaltools.gnu-tools-for-stm32.13.3.rel1.win32_1.0.0.202411081344/tools/bin/../lib/gcc/arm-none-eabi/13.3.1/../../../../arm-none-eabi/lib/thumb/v7e-m+dp/hard\libc_nano.a(libc_a-findfp.o)
                0x08006088                __sfp_lock_release
 .text.__sinit  0x08006094       0x30 C:/ST/STM32CubeIDE_1.18.0/STM32CubeIDE/plugins/com.st.stm32cube.ide.mcu.externaltools.gnu-tools-for-stm32.13.3.rel1.win32_1.0.0.202411081344/tools/bin/../lib/gcc/arm-none-eabi/13.3.1/../../../../arm-none-eabi/lib/thumb/v7e-m+dp/hard\libc_nano.a(libc_a-findfp.o)
                0x08006094                __sinit
 .text.fprintf  0x080060c4       0x24 C:/ST/STM32CubeIDE_1.18.0/STM32CubeIDE/plugins/com.st.stm32cube.ide.mcu.externaltools.gnu-tools-for-stm32.13.3.rel1.win32_1.0.0.202411081344/tools/bin/../lib/gcc/arm-none-eabi/13.3.1/../../../../arm-none-eabi/lib/thumb/v7e-m+dp/hard\libc_nano.a(libc_a-fprintf.o)
                0x080060c4                fiprintf
                0x080060c4                fprintf
 .text._fwalk_sglue
                0x080060e8       0x3c C:/ST/STM32CubeIDE_1.18.0/STM32CubeIDE/plugins/com.st.stm32cube.ide.mcu.externaltools.gnu-tools-for-stm32.13.3.rel1.win32_1.0.0.202411081344/tools/bin/../lib/gcc/arm-none-eabi/13.3.1/../../../../arm-none-eabi/lib/thumb/v7e-m+dp/hard\libc_nano.a(libc_a-fwalk.o)
                0x080060e8                _fwalk_sglue
 .text.printf   0x08006124       0x24 C:/ST/STM32CubeIDE_1.18.0/STM32CubeIDE/plugins/com.st.stm32cube.ide.mcu.externaltools.gnu-tools-for-stm32.13.3.rel1.win32_1.0.0.202411081344/tools/bin/../lib/gcc/arm-none-eabi/13.3.1/../../../../arm-none-eabi/lib/thumb/v7e-m+dp/hard\libc_nano.a(libc_a-printf.o)
                0x08006124                iprintf
                0x08006124                printf
 .text.__sread  0x08006148       0x22 C:/ST/STM32CubeIDE_1.18.0/STM32CubeIDE/plugins/com.st.stm32cube.ide.mcu.externaltools.gnu-tools-for-stm32.13.3.rel1.win32_1.0.0.202411081344/tools/bin/../lib/gcc/arm-none-eabi/13.3.1/../../../../arm-none-eabi/lib/thumb/v7e-m+dp/hard\libc_nano.a(libc_a-stdio.o)
                0x08006148                __sread
 .text.__swrite
                0x0800616a       0x38 C:/ST/STM32CubeIDE_1.18.0/STM32CubeIDE/plugins/com.st.stm32cube.ide.mcu.externaltools.gnu-tools-for-stm32.13.3.rel1.win32_1.0.0.202411081344/tools/bin/../lib/gcc/arm-none-eabi/13.3.1/../../../../arm-none-eabi/lib/thumb/v7e-m+dp/hard\libc_nano.a(libc_a-stdio.o)
                0x0800616a                __swrite
 .text.__sseek  0x080061a2       0x24 C:/ST/STM32CubeIDE_1.18.0/STM32CubeIDE/plugins/com.st.stm32cube.ide.mcu.externaltools.gnu-tools-for-stm32.13.3.rel1.win32_1.0.0.202411081344/tools/bin/../lib/gcc/arm-none-eabi/13.3.1/../../../../arm-none-eabi/lib/thumb/v7e-m+dp/hard\libc_nano.a(libc_a-stdio.o)
                0x080061a2                __sseek
 .text.__sclose
                0x080061c6        0x8 C:/ST/STM32CubeIDE_1.18.0/STM32CubeIDE/plugins/com.st.stm32cube.ide.mcu.externaltools.gnu-tools-for-stm32.13.3.rel1.win32_1.0.0.202411081344/tools/bin/../lib/gcc/arm-none-eabi/13.3.1/../../../../arm-none-eabi/lib/thumb/v7e-m+dp/hard\libc_nano.a(libc_a-stdio.o)
                0x080061c6                __sclose
 .text.memset   0x080061ce       0x10 C:/ST/STM32CubeIDE_1.18.0/STM32CubeIDE/plugins/com.st.stm32cube.ide.mcu.externaltools.gnu-tools-for-stm32.13.3.rel1.win32_1.0.0.202411081344/tools/bin/../lib/gcc/arm-none-eabi/13.3.1/../../../../arm-none-eabi/lib/thumb/v7e-m+dp/hard\libc_nano.a(libc_a-memset.o)
                0x080061ce                memset
 .text._raise_r
                0x080061de       0x50 C:/ST/STM32CubeIDE_1.18.0/STM32CubeIDE/plugins/com.st.stm32cube.ide.mcu.externaltools.gnu-tools-for-stm32.13.3.rel1.win32_1.0.0.202411081344/tools/bin/../lib/gcc/arm-none-eabi/13.3.1/../../../../arm-none-eabi/lib/thumb/v7e-m+dp/hard\libc_nano.a(libc_a-signal.o)
                0x080061de                _raise_r
 *fill*         0x0800622e        0x2 
 .text.raise    0x08006230       0x10 C:/ST/STM32CubeIDE_1.18.0/STM32CubeIDE/plugins/com.st.stm32cube.ide.mcu.externaltools.gnu-tools-for-stm32.13.3.rel1.win32_1.0.0.202411081344/tools/bin/../lib/gcc/arm-none-eabi/13.3.1/../../../../arm-none-eabi/lib/thumb/v7e-m+dp/hard\libc_nano.a(libc_a-signal.o)
                0x08006230                raise
 .text._close_r
                0x08006240       0x20 C:/ST/STM32CubeIDE_1.18.0/STM32CubeIDE/plugins/com.st.stm32cube.ide.mcu.externaltools.gnu-tools-for-stm32.13.3.rel1.win32_1.0.0.202411081344/tools/bin/../lib/gcc/arm-none-eabi/13.3.1/../../../../arm-none-eabi/lib/thumb/v7e-m+dp/hard\libc_nano.a(libc_a-closer.o)
                0x08006240                _close_r
 .text._lseek_r
                0x08006260       0x24 C:/ST/STM32CubeIDE_1.18.0/STM32CubeIDE/plugins/com.st.stm32cube.ide.mcu.externaltools.gnu-tools-for-stm32.13.3.rel1.win32_1.0.0.202411081344/tools/bin/../lib/gcc/arm-none-eabi/13.3.1/../../../../arm-none-eabi/lib/thumb/v7e-m+dp/hard\libc_nano.a(libc_a-lseekr.o)
                0x08006260                _lseek_r
 .text._read_r  0x08006284       0x24 C:/ST/STM32CubeIDE_1.18.0/STM32CubeIDE/plugins/com.st.stm32cube.ide.mcu.externaltools.gnu-tools-for-stm32.13.3.rel1.win32_1.0.0.202411081344/tools/bin/../lib/gcc/arm-none-eabi/13.3.1/../../../../arm-none-eabi/lib/thumb/v7e-m+dp/hard\libc_nano.a(libc_a-readr.o)
                0x08006284                _read_r
 .text._kill_r  0x080062a8       0x24 C:/ST/STM32CubeIDE_1.18.0/STM32CubeIDE/plugins/com.st.stm32cube.ide.mcu.externaltools.gnu-tools-for-stm32.13.3.rel1.win32_1.0.0.202411081344/tools/bin/../lib/gcc/arm-none-eabi/13.3.1/../../../../arm-none-eabi/lib/thumb/v7e-m+dp/hard\libc_nano.a(libc_a-signalr.o)
                0x080062a8                _kill_r
 .text._getpid_r
                0x080062cc        0x4 C:/ST/STM32CubeIDE_1.18.0/STM32CubeIDE/plugins/com.st.stm32cube.ide.mcu.externaltools.gnu-tools-for-stm32.13.3.rel1.win32_1.0.0.202411081344/tools/bin/../lib/gcc/arm-none-eabi/13.3.1/../../../../arm-none-eabi/lib/thumb/v7e-m+dp/hard\libc_nano.a(libc_a-signalr.o)
                0x080062cc                _getpid_r
 .text._sbrk_r  0x080062d0       0x20 C:/ST/STM32CubeIDE_1.18.0/STM32CubeIDE/plugins/com.st.stm32cube.ide.mcu.externaltools.gnu-tools-for-stm32.13.3.rel1.win32_1.0.0.202411081344/tools/bin/../lib/gcc/arm-none-eabi/13.3.1/../../../../arm-none-eabi/lib/thumb/v7e-m+dp/hard\libc_nano.a(libc_a-sbrkr.o)
                0x080062d0                _sbrk_r
 .text._write_r
                0x080062f0       0x24 C:/ST/STM32CubeIDE_1.18.0/STM32CubeIDE/plugins/com.st.stm32cube.ide.mcu.externaltools.gnu-tools-for-stm32.13.3.rel1.win32_1.0.0.202411081344/tools/bin/../lib/gcc/arm-none-eabi/13.3.1/../../../../arm-none-eabi/lib/thumb/v7e-m+dp/hard\libc_nano.a(libc_a-writer.o)
                0x080062f0                _write_r
 .text.__errno  0x08006314        0xc C:/ST/STM32CubeIDE_1.18.0/STM32CubeIDE/plugins/com.st.stm32cube.ide.mcu.externaltools.gnu-tools-for-stm32.13.3.rel1.win32_1.0.0.202411081344/tools/bin/../lib/gcc/arm-none-eabi/13.3.1/../../../../arm-none-eabi/lib/thumb/v7e-m+dp/hard\libc_nano.a(libc_a-errno.o)
                0x08006314                __errno
 .text.__libc_init_array
                0x08006320       0x48 C:/ST/STM32CubeIDE_1.18.0/STM32CubeIDE/plugins/com.st.stm32cube.ide.mcu.externaltools.gnu-tools-for-stm32.13.3.rel1.win32_1.0.0.202411081344/tools/bin/../lib/gcc/arm-none-eabi/13.3.1/../../../../arm-none-eabi/lib/thumb/v7e-m+dp/hard\libc_nano.a(libc_a-init.o)
                0x08006320                __libc_init_array
 .text.__retarget_lock_init_recursive
                0x08006368        0x2 C:/ST/STM32CubeIDE_1.18.0/STM32CubeIDE/plugins/com.st.stm32cube.ide.mcu.externaltools.gnu-tools-for-stm32.13.3.rel1.win32_1.0.0.202411081344/tools/bin/../lib/gcc/arm-none-eabi/13.3.1/../../../../arm-none-eabi/lib/thumb/v7e-m+dp/hard\libc_nano.a(libc_a-lock.o)
                0x08006368                __retarget_lock_init_recursive
 .text.__retarget_lock_acquire_recursive
                0x0800636a        0x2 C:/ST/STM32CubeIDE_1.18.0/STM32CubeIDE/plugins/com.st.stm32cube.ide.mcu.externaltools.gnu-tools-for-stm32.13.3.rel1.win32_1.0.0.202411081344/tools/bin/../lib/gcc/arm-none-eabi/13.3.1/../../../../arm-none-eabi/lib/thumb/v7e-m+dp/hard\libc_nano.a(libc_a-lock.o)
                0x0800636a                __retarget_lock_acquire_recursive
 .text.__retarget_lock_release_recursive
                0x0800636c        0x2 C:/ST/STM32CubeIDE_1.18.0/STM32CubeIDE/plugins/com.st.stm32cube.ide.mcu.externaltools.gnu-tools-for-stm32.13.3.rel1.win32_1.0.0.202411081344/tools/bin/../lib/gcc/arm-none-eabi/13.3.1/../../../../arm-none-eabi/lib/thumb/v7e-m+dp/hard\libc_nano.a(libc_a-lock.o)
                0x0800636c                __retarget_lock_release_recursive
 .text.memcpy   0x0800636e       0x1c C:/ST/STM32CubeIDE_1.18.0/STM32CubeIDE/plugins/com.st.stm32cube.ide.mcu.externaltools.gnu-tools-for-stm32.13.3.rel1.win32_1.0.0.202411081344/tools/bin/../lib/gcc/arm-none-eabi/13.3.1/../../../../arm-none-eabi/lib/thumb/v7e-m+dp/hard\libc_nano.a(libc_a-memcpy-stub.o)
                0x0800636e                memcpy
 *fill*         0x0800638a        0x2 
 .text.__register_exitproc
                0x0800638c       0xb8 C:/ST/STM32CubeIDE_1.18.0/STM32CubeIDE/plugins/com.st.stm32cube.ide.mcu.externaltools.gnu-tools-for-stm32.13.3.rel1.win32_1.0.0.202411081344/tools/bin/../lib/gcc/arm-none-eabi/13.3.1/../../../../arm-none-eabi/lib/thumb/v7e-m+dp/hard\libc_nano.a(libc_a-__atexit.o)
                0x0800638c                __register_exitproc
 .text._free_r  0x08006444       0x94 C:/ST/STM32CubeIDE_1.18.0/STM32CubeIDE/plugins/com.st.stm32cube.ide.mcu.externaltools.gnu-tools-for-stm32.13.3.rel1.win32_1.0.0.202411081344/tools/bin/../lib/gcc/arm-none-eabi/13.3.1/../../../../arm-none-eabi/lib/thumb/v7e-m+dp/hard\libc_nano.a(libc_a-freer.o)
                0x08006444                _free_r
 .text.__sfputc_r
                0x080064d8       0x2e C:/ST/STM32CubeIDE_1.18.0/STM32CubeIDE/plugins/com.st.stm32cube.ide.mcu.externaltools.gnu-tools-for-stm32.13.3.rel1.win32_1.0.0.202411081344/tools/bin/../lib/gcc/arm-none-eabi/13.3.1/../../../../arm-none-eabi/lib/thumb/v7e-m+dp/hard\libc_nano.a(libc_a-nano-vfprintf.o)
 .text.__sfputs_r
                0x08006506       0x24 C:/ST/STM32CubeIDE_1.18.0/STM32CubeIDE/plugins/com.st.stm32cube.ide.mcu.externaltools.gnu-tools-for-stm32.13.3.rel1.win32_1.0.0.202411081344/tools/bin/../lib/gcc/arm-none-eabi/13.3.1/../../../../arm-none-eabi/lib/thumb/v7e-m+dp/hard\libc_nano.a(libc_a-nano-vfprintf.o)
                0x08006506                __sfputs_r
 *fill*         0x0800652a        0x2 
 .text._vfprintf_r
                0x0800652c      0x230 C:/ST/STM32CubeIDE_1.18.0/STM32CubeIDE/plugins/com.st.stm32cube.ide.mcu.externaltools.gnu-tools-for-stm32.13.3.rel1.win32_1.0.0.202411081344/tools/bin/../lib/gcc/arm-none-eabi/13.3.1/../../../../arm-none-eabi/lib/thumb/v7e-m+dp/hard\libc_nano.a(libc_a-nano-vfprintf.o)
                0x0800652c                _vfprintf_r
                0x0800652c                _vfiprintf_r
 .text._printf_common
                0x0800675c       0xda C:/ST/STM32CubeIDE_1.18.0/STM32CubeIDE/plugins/com.st.stm32cube.ide.mcu.externaltools.gnu-tools-for-stm32.13.3.rel1.win32_1.0.0.202411081344/tools/bin/../lib/gcc/arm-none-eabi/13.3.1/../../../../arm-none-eabi/lib/thumb/v7e-m+dp/hard\libc_nano.a(libc_a-nano-vfprintf_i.o)
                0x0800675c                _printf_common
 *fill*         0x08006836        0x2 
 .text._printf_i
                0x08006838      0x23c C:/ST/STM32CubeIDE_1.18.0/STM32CubeIDE/plugins/com.st.stm32cube.ide.mcu.externaltools.gnu-tools-for-stm32.13.3.rel1.win32_1.0.0.202411081344/tools/bin/../lib/gcc/arm-none-eabi/13.3.1/../../../../arm-none-eabi/lib/thumb/v7e-m+dp/hard\libc_nano.a(libc_a-nano-vfprintf_i.o)
                0x08006838                _printf_i
 .text.__sflush_r
                0x08006a74      0x108 C:/ST/STM32CubeIDE_1.18.0/STM32CubeIDE/plugins/com.st.stm32cube.ide.mcu.externaltools.gnu-tools-for-stm32.13.3.rel1.win32_1.0.0.202411081344/tools/bin/../lib/gcc/arm-none-eabi/13.3.1/../../../../arm-none-eabi/lib/thumb/v7e-m+dp/hard\libc_nano.a(libc_a-fflush.o)
                0x08006a74                __sflush_r
 .text._fflush_r
                0x08006b7c       0x50 C:/ST/STM32CubeIDE_1.18.0/STM32CubeIDE/plugins/com.st.stm32cube.ide.mcu.externaltools.gnu-tools-for-stm32.13.3.rel1.win32_1.0.0.202411081344/tools/bin/../lib/gcc/arm-none-eabi/13.3.1/../../../../arm-none-eabi/lib/thumb/v7e-m+dp/hard\libc_nano.a(libc_a-fflush.o)
                0x08006b7c                _fflush_r
 .text.__swbuf_r
                0x08006bcc       0x7c C:/ST/STM32CubeIDE_1.18.0/STM32CubeIDE/plugins/com.st.stm32cube.ide.mcu.externaltools.gnu-tools-for-stm32.13.3.rel1.win32_1.0.0.202411081344/tools/bin/../lib/gcc/arm-none-eabi/13.3.1/../../../../arm-none-eabi/lib/thumb/v7e-m+dp/hard\libc_nano.a(libc_a-wbuf.o)
                0x08006bcc                __swbuf_r
 .text.__swsetup_r
                0x08006c48       0xac C:/ST/STM32CubeIDE_1.18.0/STM32CubeIDE/plugins/com.st.stm32cube.ide.mcu.externaltools.gnu-tools-for-stm32.13.3.rel1.win32_1.0.0.202411081344/tools/bin/../lib/gcc/arm-none-eabi/13.3.1/../../../../arm-none-eabi/lib/thumb/v7e-m+dp/hard\libc_nano.a(libc_a-wsetup.o)
                0x08006c48                __swsetup_r
 .text.__swhatbuf_r
                0x08006cf4       0x4c C:/ST/STM32CubeIDE_1.18.0/STM32CubeIDE/plugins/com.st.stm32cube.ide.mcu.externaltools.gnu-tools-for-stm32.13.3.rel1.win32_1.0.0.202411081344/tools/bin/../lib/gcc/arm-none-eabi/13.3.1/../../../../arm-none-eabi/lib/thumb/v7e-m+dp/hard\libc_nano.a(libc_a-makebuf.o)
                0x08006cf4                __swhatbuf_r
 .text.__smakebuf_r
                0x08006d40       0x78 C:/ST/STM32CubeIDE_1.18.0/STM32CubeIDE/plugins/com.st.stm32cube.ide.mcu.externaltools.gnu-tools-for-stm32.13.3.rel1.win32_1.0.0.202411081344/tools/bin/../lib/gcc/arm-none-eabi/13.3.1/../../../../arm-none-eabi/lib/thumb/v7e-m+dp/hard\libc_nano.a(libc_a-makebuf.o)
                0x08006d40                __smakebuf_r
 .text._fstat_r
                0x08006db8       0x24 C:/ST/STM32CubeIDE_1.18.0/STM32CubeIDE/plugins/com.st.stm32cube.ide.mcu.externaltools.gnu-tools-for-stm32.13.3.rel1.win32_1.0.0.202411081344/tools/bin/../lib/gcc/arm-none-eabi/13.3.1/../../../../arm-none-eabi/lib/thumb/v7e-m+dp/hard\libc_nano.a(libc_a-fstatr.o)
                0x08006db8                _fstat_r
 .text._isatty_r
                0x08006ddc       0x20 C:/ST/STM32CubeIDE_1.18.0/STM32CubeIDE/plugins/com.st.stm32cube.ide.mcu.externaltools.gnu-tools-for-stm32.13.3.rel1.win32_1.0.0.202411081344/tools/bin/../lib/gcc/arm-none-eabi/13.3.1/../../../../arm-none-eabi/lib/thumb/v7e-m+dp/hard\libc_nano.a(libc_a-isattyr.o)
                0x08006ddc                _isatty_r
 *(.glue_7)
 .glue_7        0x08006dfc        0x0 linker stubs
 *(.glue_7t)
 .glue_7t       0x08006dfc        0x0 linker stubs
 *(.eh_frame)
 .eh_frame      0x08006dfc        0x0 C:/ST/STM32CubeIDE_1.18.0/STM32CubeIDE/plugins/com.st.stm32cube.ide.mcu.externaltools.gnu-tools-for-stm32.13.3.rel1.win32_1.0.0.202411081344/tools/bin/../lib/gcc/arm-none-eabi/13.3.1/thumb/v7e-m+dp/hard/crtbegin.o
 *(.init)
 .init          0x08006dfc        0x4 C:/ST/STM32CubeIDE_1.18.0/STM32CubeIDE/plugins/com.st.stm32cube.ide.mcu.externaltools.gnu-tools-for-stm32.13.3.rel1.win32_1.0.0.202411081344/tools/bin/../lib/gcc/arm-none-eabi/13.3.1/thumb/v7e-m+dp/hard/crti.o
                0x08006dfc                _init
 .init          0x08006e00        0x8 C:/ST/STM32CubeIDE_1.18.0/STM32CubeIDE/plugins/com.st.stm32cube.ide.mcu.externaltools.gnu-tools-for-stm32.13.3.rel1.win32_1.0.0.202411081344/tools/bin/../lib/gcc/arm-none-eabi/13.3.1/thumb/v7e-m+dp/hard/crtn.o
 *(.fini)
 .fini          0x08006e08        0x4 C:/ST/STM32CubeIDE_1.18.0/STM32CubeIDE/plugins/com.st.stm32cube.ide.mcu.externaltools.gnu-tools-for-stm32.13.3.rel1.win32_1.0.0.202411081344/tools/bin/../lib/gcc/arm-none-eabi/13.3.1/thumb/v7e-m+dp/hard/crti.o
                0x08006e08                _fini
 .fini          0x08006e0c        0x8 C:/ST/STM32CubeIDE_1.18.0/STM32CubeIDE/plugins/com.st.stm32cube.ide.mcu.externaltools.gnu-tools-for-stm32.13.3.rel1.win32_1.0.0.202411081344/tools/bin/../lib/gcc/arm-none-eabi/13.3.1/thumb/v7e-m+dp/hard/crtn.o
                0x08006e14                        . = ALIGN (0x4)
                0x08006e14                        _etext = .

.vfp11_veneer   0x08006e14        0x0
 .vfp11_veneer  0x08006e14        0x0 linker stubs

.v4_bx          0x08006e14        0x0
 .v4_bx         0x08006e14        0x0 linker stubs

.iplt           0x08006e14        0x0
 .iplt          0x08006e14        0x0 C:/ST/STM32CubeIDE_1.18.0/STM32CubeIDE/plugins/com.st.stm32cube.ide.mcu.externaltools.gnu-tools-for-stm32.13.3.rel1.win32_1.0.0.202411081344/tools/bin/../lib/gcc/arm-none-eabi/13.3.1/thumb/v7e-m+dp/hard/crtbegin.o

.rodata         0x08006e14      0x3d4
                0x08006e14                        . = ALIGN (0x4)
 *(.rodata)
 .rodata        0x08006e14       0x6a ./BSP/GT811.o
 *(.rodata*)
 .rodata.GT811_ReadID.str1.1
                0x08006e7e      0x255 ./BSP/GT811.o
                                  0xb (size before relaxing)
 .rodata.D1CorePrescTable
                0x080070d3       0x10 ./Core/Src/system_stm32h7xx.o
                0x080070d3                D1CorePrescTable
 .rodata.CSWTCH.1
                0x080070e3        0x8 ./Drivers/STM32H7xx_HAL_Driver/Src/stm32h7xx_hal_ltdc.o
 *fill*         0x080070eb        0x1 
 .rodata.UARTPrescTable
                0x080070ec       0x18 ./Drivers/STM32H7xx_HAL_Driver/Src/stm32h7xx_hal_uart.o
                0x080070ec                UARTPrescTable
 .rodata.denominator.0
                0x08007104        0x8 ./Drivers/STM32H7xx_HAL_Driver/Src/stm32h7xx_hal_uart_ex.o
 .rodata.numerator.1
                0x0800710c        0x8 ./Drivers/STM32H7xx_HAL_Driver/Src/stm32h7xx_hal_uart_ex.o
 .rodata._ZTVN8touchgfx13GeneratedFontE
                0x08007114       0x68 ./TouchGFX/generated/fonts/src/GeneratedFont.o
                0x08007114                vtable for touchgfx::GeneratedFont
 .rodata._ZN8touchgfx12TextProvider15getNextLigatureEh.str1.1
                0x0800717c      0x1db ./TouchGFX/generated/texts/src/Texts.o
 .rodata._ZTVN8touchgfx9ConstFontE
                0x0800717c       0x68 C:\Users\Butch\STM32CubeIDE\Waveshare\OpenH743I-C_TouchGfx\Middlewares\ST\touchgfx\lib\core\cortex_m7\gcc\libtouchgfx-float-abi-hard.a(ConstFont.o)
                0x0800717c                vtable for touchgfx::ConstFont
 .rodata.__assert_func.str1.1
                0x080071e4       0x3d C:/ST/STM32CubeIDE_1.18.0/STM32CubeIDE/plugins/com.st.stm32cube.ide.mcu.externaltools.gnu-tools-for-stm32.13.3.rel1.win32_1.0.0.202411081344/tools/bin/../lib/gcc/arm-none-eabi/13.3.1/../../../../arm-none-eabi/lib/thumb/v7e-m+dp/hard\libc_nano.a(libc_a-assert.o)
 .rodata.__on_exit_args
                0x080071e4        0x4 C:/ST/STM32CubeIDE_1.18.0/STM32CubeIDE/plugins/com.st.stm32cube.ide.mcu.externaltools.gnu-tools-for-stm32.13.3.rel1.win32_1.0.0.202411081344/tools/bin/../lib/gcc/arm-none-eabi/13.3.1/../../../../arm-none-eabi/lib/thumb/v7e-m+dp/hard\libc_nano.a(libc_a-on_exit_args.o)
                0x080071e4                __on_exit_args
 .rodata._vfprintf_r.str1.1
                0x080071e8       0x11 C:/ST/STM32CubeIDE_1.18.0/STM32CubeIDE/plugins/com.st.stm32cube.ide.mcu.externaltools.gnu-tools-for-stm32.13.3.rel1.win32_1.0.0.202411081344/tools/bin/../lib/gcc/arm-none-eabi/13.3.1/../../../../arm-none-eabi/lib/thumb/v7e-m+dp/hard\libc_nano.a(libc_a-nano-vfprintf.o)
 .rodata._printf_i.str1.1
                0x080071e8       0x22 C:/ST/STM32CubeIDE_1.18.0/STM32CubeIDE/plugins/com.st.stm32cube.ide.mcu.externaltools.gnu-tools-for-stm32.13.3.rel1.win32_1.0.0.202411081344/tools/bin/../lib/gcc/arm-none-eabi/13.3.1/../../../../arm-none-eabi/lib/thumb/v7e-m+dp/hard\libc_nano.a(libc_a-nano-vfprintf_i.o)
                0x08007358                        . = ALIGN (0x4)

FontFlashSection
                0x080071e8      0x916
 FontFlashSection
                0x080071e8      0x7ed ./TouchGFX/generated/fonts/src/Font_Asap_Regular_24_4bpp_0.o
                0x080071e8                unicodes_Asap_Regular_24_4bpp_0
 *fill*         0x080079d5        0x3 
 FontFlashSection
                0x080079d8      0x126 ./TouchGFX/generated/fonts/src/Table_Asap_Regular_24_4bpp.o
                0x080079d8                glyphs_Asap_Regular_24_4bpp

FontSearchFlashSection
                0x08007b00        0x8
 FontSearchFlashSection
                0x08007b00        0x4 ./TouchGFX/generated/fonts/src/Kerning_Asap_Regular_24_4bpp.o
                0x08007b00                kerning_Asap_Regular_24_4bpp
 FontSearchFlashSection
                0x08007b04        0x4 ./TouchGFX/generated/fonts/src/Table_Asap_Regular_24_4bpp.o
                0x08007b04                unicodes_Asap_Regular_24_4bpp

.ARM.extab      0x08007b08        0x0
                0x08007b08                        . = ALIGN (0x4)
 *(.ARM.extab* .gnu.linkonce.armextab.*)
                0x08007b08                        . = ALIGN (0x4)

.ARM            0x08007b08        0x8
                0x08007b08                        . = ALIGN (0x4)
                0x08007b08                        __exidx_start = .
 *(.ARM.exidx*)
 .ARM.exidx     0x08007b08        0x8 C:/ST/STM32CubeIDE_1.18.0/STM32CubeIDE/plugins/com.st.stm32cube.ide.mcu.externaltools.gnu-tools-for-stm32.13.3.rel1.win32_1.0.0.202411081344/tools/bin/../lib/gcc/arm-none-eabi/13.3.1/../../../../arm-none-eabi/lib/thumb/v7e-m+dp/hard\libc_nano.a(libc_a-memchr.o)
 .ARM.exidx     0x08007b10        0x0 C:/ST/STM32CubeIDE_1.18.0/STM32CubeIDE/plugins/com.st.stm32cube.ide.mcu.externaltools.gnu-tools-for-stm32.13.3.rel1.win32_1.0.0.202411081344/tools/bin/../lib/gcc/arm-none-eabi/13.3.1/thumb/v7e-m+dp/hard\libgcc.a(_udivmoddi4.o)
                                  0x8 (size before relaxing)
                0x08007b10                        __exidx_end = .
                0x08007b10                        . = ALIGN (0x4)

.rel.dyn        0x08007b10        0x0
 .rel.iplt      0x08007b10        0x0 C:/ST/STM32CubeIDE_1.18.0/STM32CubeIDE/plugins/com.st.stm32cube.ide.mcu.externaltools.gnu-tools-for-stm32.13.3.rel1.win32_1.0.0.202411081344/tools/bin/../lib/gcc/arm-none-eabi/13.3.1/thumb/v7e-m+dp/hard/crtbegin.o

.preinit_array  0x08007b10        0x0
                0x08007b10                        . = ALIGN (0x4)
                0x08007b10                        PROVIDE (__preinit_array_start = .)
 *(.preinit_array*)
                0x08007b10                        PROVIDE (__preinit_array_end = .)
                0x08007b10                        . = ALIGN (0x4)

.init_array     0x08007b10       0x10
                0x08007b10                        . = ALIGN (0x4)
                0x08007b10                        PROVIDE (__init_array_start = .)
 *(SORT_BY_NAME(.init_array.*))
 *(.init_array*)
 .init_array    0x08007b10        0x4 C:/ST/STM32CubeIDE_1.18.0/STM32CubeIDE/plugins/com.st.stm32cube.ide.mcu.externaltools.gnu-tools-for-stm32.13.3.rel1.win32_1.0.0.202411081344/tools/bin/../lib/gcc/arm-none-eabi/13.3.1/thumb/v7e-m+dp/hard/crtbegin.o
 .init_array    0x08007b14        0x4 ./TouchGFX/generated/texts/src/TypedTextDatabase.o
 .init_array    0x08007b18        0x4 C:\Users\Butch\STM32CubeIDE\Waveshare\OpenH743I-C_TouchGfx\Middlewares\ST\touchgfx\lib\core\cortex_m7\gcc\libtouchgfx-float-abi-hard.a(LCD.o)
 .init_array    0x08007b1c        0x4 C:\Users\Butch\STM32CubeIDE\Waveshare\OpenH743I-C_TouchGfx\Middlewares\ST\touchgfx\lib\core\cortex_m7\gcc\libtouchgfx-float-abi-hard.a(Application.o)
                0x08007b20                        PROVIDE (__init_array_end = .)
                0x08007b20                        . = ALIGN (0x4)

.fini_array     0x08007b20        0x4
                0x08007b20                        . = ALIGN (0x4)
                [!provide]                        PROVIDE (__fini_array_start = .)
 *(SORT_BY_NAME(.fini_array.*))
 *(.fini_array*)
 .fini_array    0x08007b20        0x4 C:/ST/STM32CubeIDE_1.18.0/STM32CubeIDE/plugins/com.st.stm32cube.ide.mcu.externaltools.gnu-tools-for-stm32.13.3.rel1.win32_1.0.0.202411081344/tools/bin/../lib/gcc/arm-none-eabi/13.3.1/thumb/v7e-m+dp/hard/crtbegin.o
                [!provide]                        PROVIDE (__fini_array_end = .)
                0x08007b24                        . = ALIGN (0x4)
                0x08007b24                        _sidata = LOADADDR (.data)

.data           0x24000000       0x74 load address 0x08007b24
                0x24000000                        . = ALIGN (0x4)
                0x24000000                        _sdata = .
 *(.data)
 *(.data*)
 .data.SystemD2Clock
                0x24000000        0x4 ./Core/Src/system_stm32h7xx.o
                0x24000000                SystemD2Clock
 .data.SystemCoreClock
                0x24000004        0x4 ./Core/Src/system_stm32h7xx.o
                0x24000004                SystemCoreClock
 .data.uwTickFreq
                0x24000008        0x1 ./Drivers/STM32H7xx_HAL_Driver/Src/stm32h7xx_hal.o
                0x24000008                uwTickFreq
 *fill*         0x24000009        0x3 
 .data.uwTickPrio
                0x2400000c        0x4 ./Drivers/STM32H7xx_HAL_Driver/Src/stm32h7xx_hal.o
                0x2400000c                uwTickPrio
 .data._ZN10__cxxabiv119__terminate_handlerE
                0x24000010        0x4 C:/ST/STM32CubeIDE_1.18.0/STM32CubeIDE/plugins/com.st.stm32cube.ide.mcu.externaltools.gnu-tools-for-stm32.13.3.rel1.win32_1.0.0.202411081344/tools/bin/../lib/gcc/arm-none-eabi/13.3.1/../../../../arm-none-eabi/lib/thumb/v7e-m+dp/hard\libstdc++_nano.a(eh_term_handler.o)
                0x24000010                __cxxabiv1::__terminate_handler
 .data.__sglue  0x24000014        0xc C:/ST/STM32CubeIDE_1.18.0/STM32CubeIDE/plugins/com.st.stm32cube.ide.mcu.externaltools.gnu-tools-for-stm32.13.3.rel1.win32_1.0.0.202411081344/tools/bin/../lib/gcc/arm-none-eabi/13.3.1/../../../../arm-none-eabi/lib/thumb/v7e-m+dp/hard\libc_nano.a(libc_a-findfp.o)
                0x24000014                __sglue
 .data._impure_ptr
                0x24000020        0x4 C:/ST/STM32CubeIDE_1.18.0/STM32CubeIDE/plugins/com.st.stm32cube.ide.mcu.externaltools.gnu-tools-for-stm32.13.3.rel1.win32_1.0.0.202411081344/tools/bin/../lib/gcc/arm-none-eabi/13.3.1/../../../../arm-none-eabi/lib/thumb/v7e-m+dp/hard\libc_nano.a(libc_a-impure.o)
                0x24000020                _impure_ptr
 .data._impure_data
                0x24000024       0x4c C:/ST/STM32CubeIDE_1.18.0/STM32CubeIDE/plugins/com.st.stm32cube.ide.mcu.externaltools.gnu-tools-for-stm32.13.3.rel1.win32_1.0.0.202411081344/tools/bin/../lib/gcc/arm-none-eabi/13.3.1/../../../../arm-none-eabi/lib/thumb/v7e-m+dp/hard\libc_nano.a(libc_a-impure.o)
                0x24000024                _impure_data
 .data.__atexit_recursive_mutex
                0x24000070        0x4 C:/ST/STM32CubeIDE_1.18.0/STM32CubeIDE/plugins/com.st.stm32cube.ide.mcu.externaltools.gnu-tools-for-stm32.13.3.rel1.win32_1.0.0.202411081344/tools/bin/../lib/gcc/arm-none-eabi/13.3.1/../../../../arm-none-eabi/lib/thumb/v7e-m+dp/hard\libc_nano.a(libc_a-__call_atexit.o)
                0x24000070                __atexit_recursive_mutex
 *(.RamFunc)
 *(.RamFunc*)
                0x24000074                        . = ALIGN (0x4)
                0x24000074                        _edata = .

.igot.plt       0x24000074        0x0 load address 0x08007b98
 .igot.plt      0x24000074        0x0 C:/ST/STM32CubeIDE_1.18.0/STM32CubeIDE/plugins/com.st.stm32cube.ide.mcu.externaltools.gnu-tools-for-stm32.13.3.rel1.win32_1.0.0.202411081344/tools/bin/../lib/gcc/arm-none-eabi/13.3.1/thumb/v7e-m+dp/hard/crtbegin.o